Archive member included to satisfy reference by file (symbol)

./lib/libPCAN-Router_FD_02.a(hardware.o)
                              ./obj/main.o (HW_Init)
./lib/libPCAN-Router_FD_02.a(can.o)
                              ./obj/can_user.o (CAN_FilterAdd)
./lib/libPCAN-Router_FD_02.a(peak_flash.o)
                              ./lib/libPCAN-Router_FD_02.a(hardware.o) (PFLASH_Startup)
./lib/libPCAN-Router_FD_02.a(systime.o)
                              ./lib/libPCAN-Router_FD_02.a(hardware.o) (SYSTIME_Wait)
d:/local disk e_1212020131/projects/toolchain_route/compiler/7 2017-q4-major/bin/../lib/gcc/arm-none-eabi/7.2.1/../../../../arm-none-eabi/lib/thumb/v7e-m/fpv4-sp/hard\libc.a(lib_a-exit.o)
                              d:/local disk e_1212020131/projects/toolchain_route/compiler/7 2017-q4-major/bin/../lib/gcc/arm-none-eabi/7.2.1/../../../../arm-none-eabi/lib/thumb/v7e-m/fpv4-sp/hard/crt0.o (exit)
d:/local disk e_1212020131/projects/toolchain_route/compiler/7 2017-q4-major/bin/../lib/gcc/arm-none-eabi/7.2.1/../../../../arm-none-eabi/lib/thumb/v7e-m/fpv4-sp/hard\libc.a(lib_a-impure.o)
                              d:/local disk e_1212020131/projects/toolchain_route/compiler/7 2017-q4-major/bin/../lib/gcc/arm-none-eabi/7.2.1/../../../../arm-none-eabi/lib/thumb/v7e-m/fpv4-sp/hard\libc.a(lib_a-exit.o) (_global_impure_ptr)
d:/local disk e_1212020131/projects/toolchain_route/compiler/7 2017-q4-major/bin/../lib/gcc/arm-none-eabi/7.2.1/../../../../arm-none-eabi/lib/thumb/v7e-m/fpv4-sp/hard\libc.a(lib_a-init.o)
                              d:/local disk e_1212020131/projects/toolchain_route/compiler/7 2017-q4-major/bin/../lib/gcc/arm-none-eabi/7.2.1/../../../../arm-none-eabi/lib/thumb/v7e-m/fpv4-sp/hard/crt0.o (__libc_init_array)
d:/local disk e_1212020131/projects/toolchain_route/compiler/7 2017-q4-major/bin/../lib/gcc/arm-none-eabi/7.2.1/../../../../arm-none-eabi/lib/thumb/v7e-m/fpv4-sp/hard\libc.a(lib_a-memset.o)
                              d:/local disk e_1212020131/projects/toolchain_route/compiler/7 2017-q4-major/bin/../lib/gcc/arm-none-eabi/7.2.1/../../../../arm-none-eabi/lib/thumb/v7e-m/fpv4-sp/hard/crt0.o (memset)
d:/local disk e_1212020131/projects/toolchain_route/compiler/7 2017-q4-major/bin/../lib/gcc/arm-none-eabi/7.2.1/../../../../arm-none-eabi/lib/thumb/v7e-m/fpv4-sp/hard\libc.a(lib_a-strlen.o)
                              ./lib/libPCAN-Router_FD_02.a(peak_flash.o) (strlen)
d:/local disk e_1212020131/projects/toolchain_route/compiler/7 2017-q4-major/bin/../lib/gcc/arm-none-eabi/7.2.1/../../../../arm-none-eabi/lib/thumb/v7e-m/fpv4-sp/hard\libc.a(lib_a-strncat.o)
                              ./lib/libPCAN-Router_FD_02.a(peak_flash.o) (strncat)
d:/local disk e_1212020131/projects/toolchain_route/compiler/7 2017-q4-major/bin/../lib/gcc/arm-none-eabi/7.2.1/../../../../arm-none-eabi/lib/thumb/v7e-m/fpv4-sp/hard\libc.a(lib_a-strnlen.o)
                              ./lib/libPCAN-Router_FD_02.a(peak_flash.o) (strnlen)
d:/local disk e_1212020131/projects/toolchain_route/compiler/7 2017-q4-major/bin/../lib/gcc/arm-none-eabi/7.2.1/../../../../arm-none-eabi/lib/thumb/v7e-m/fpv4-sp/hard\libc.a(lib_a-__call_atexit.o)
                              d:/local disk e_1212020131/projects/toolchain_route/compiler/7 2017-q4-major/bin/../lib/gcc/arm-none-eabi/7.2.1/../../../../arm-none-eabi/lib/thumb/v7e-m/fpv4-sp/hard\libc.a(lib_a-exit.o) (__call_exitprocs)
d:/local disk e_1212020131/projects/toolchain_route/compiler/7 2017-q4-major/bin/../lib/gcc/arm-none-eabi/7.2.1/../../../../arm-none-eabi/lib/thumb/v7e-m/fpv4-sp/hard\libc.a(lib_a-atexit.o)
                              d:/local disk e_1212020131/projects/toolchain_route/compiler/7 2017-q4-major/bin/../lib/gcc/arm-none-eabi/7.2.1/../../../../arm-none-eabi/lib/thumb/v7e-m/fpv4-sp/hard\libc.a(lib_a-__call_atexit.o) (atexit)
d:/local disk e_1212020131/projects/toolchain_route/compiler/7 2017-q4-major/bin/../lib/gcc/arm-none-eabi/7.2.1/../../../../arm-none-eabi/lib/thumb/v7e-m/fpv4-sp/hard\libc.a(lib_a-fini.o)
                              d:/local disk e_1212020131/projects/toolchain_route/compiler/7 2017-q4-major/bin/../lib/gcc/arm-none-eabi/7.2.1/../../../../arm-none-eabi/lib/thumb/v7e-m/fpv4-sp/hard\libc.a(lib_a-__call_atexit.o) (__libc_fini_array)
d:/local disk e_1212020131/projects/toolchain_route/compiler/7 2017-q4-major/bin/../lib/gcc/arm-none-eabi/7.2.1/../../../../arm-none-eabi/lib/thumb/v7e-m/fpv4-sp/hard\libc.a(lib_a-lock.o)
                              d:/local disk e_1212020131/projects/toolchain_route/compiler/7 2017-q4-major/bin/../lib/gcc/arm-none-eabi/7.2.1/../../../../arm-none-eabi/lib/thumb/v7e-m/fpv4-sp/hard\libc.a(lib_a-__call_atexit.o) (__retarget_lock_acquire_recursive)
d:/local disk e_1212020131/projects/toolchain_route/compiler/7 2017-q4-major/bin/../lib/gcc/arm-none-eabi/7.2.1/../../../../arm-none-eabi/lib/thumb/v7e-m/fpv4-sp/hard\libc.a(lib_a-__atexit.o)
                              d:/local disk e_1212020131/projects/toolchain_route/compiler/7 2017-q4-major/bin/../lib/gcc/arm-none-eabi/7.2.1/../../../../arm-none-eabi/lib/thumb/v7e-m/fpv4-sp/hard\libc.a(lib_a-atexit.o) (__register_exitproc)
d:/local disk e_1212020131/projects/toolchain_route/compiler/7 2017-q4-major/bin/../lib/gcc/arm-none-eabi/7.2.1/../../../../arm-none-eabi/lib/thumb/v7e-m/fpv4-sp/hard\libnosys.a(_exit.o)
                              d:/local disk e_1212020131/projects/toolchain_route/compiler/7 2017-q4-major/bin/../lib/gcc/arm-none-eabi/7.2.1/../../../../arm-none-eabi/lib/thumb/v7e-m/fpv4-sp/hard\libc.a(lib_a-exit.o) (_exit)

Allocating common symbols
Common symbol       size              file

__lock___atexit_recursive_mutex
                    0x1               d:/local disk e_1212020131/projects/toolchain_route/compiler/7 2017-q4-major/bin/../lib/gcc/arm-none-eabi/7.2.1/../../../../arm-none-eabi/lib/thumb/v7e-m/fpv4-sp/hard\libc.a(lib_a-lock.o)
__lock___arc4random_mutex
                    0x1               d:/local disk e_1212020131/projects/toolchain_route/compiler/7 2017-q4-major/bin/../lib/gcc/arm-none-eabi/7.2.1/../../../../arm-none-eabi/lib/thumb/v7e-m/fpv4-sp/hard\libc.a(lib_a-lock.o)
__lock___env_recursive_mutex
                    0x1               d:/local disk e_1212020131/projects/toolchain_route/compiler/7 2017-q4-major/bin/../lib/gcc/arm-none-eabi/7.2.1/../../../../arm-none-eabi/lib/thumb/v7e-m/fpv4-sp/hard\libc.a(lib_a-lock.o)
__lock___sinit_recursive_mutex
                    0x1               d:/local disk e_1212020131/projects/toolchain_route/compiler/7 2017-q4-major/bin/../lib/gcc/arm-none-eabi/7.2.1/../../../../arm-none-eabi/lib/thumb/v7e-m/fpv4-sp/hard\libc.a(lib_a-lock.o)
__lock___malloc_recursive_mutex
                    0x1               d:/local disk e_1212020131/projects/toolchain_route/compiler/7 2017-q4-major/bin/../lib/gcc/arm-none-eabi/7.2.1/../../../../arm-none-eabi/lib/thumb/v7e-m/fpv4-sp/hard\libc.a(lib_a-lock.o)
__lock___at_quick_exit_mutex
                    0x1               d:/local disk e_1212020131/projects/toolchain_route/compiler/7 2017-q4-major/bin/../lib/gcc/arm-none-eabi/7.2.1/../../../../arm-none-eabi/lib/thumb/v7e-m/fpv4-sp/hard\libc.a(lib_a-lock.o)
__lock___dd_hash_mutex
                    0x1               d:/local disk e_1212020131/projects/toolchain_route/compiler/7 2017-q4-major/bin/../lib/gcc/arm-none-eabi/7.2.1/../../../../arm-none-eabi/lib/thumb/v7e-m/fpv4-sp/hard\libc.a(lib_a-lock.o)
__lock___tz_mutex   0x1               d:/local disk e_1212020131/projects/toolchain_route/compiler/7 2017-q4-major/bin/../lib/gcc/arm-none-eabi/7.2.1/../../../../arm-none-eabi/lib/thumb/v7e-m/fpv4-sp/hard\libc.a(lib_a-lock.o)
__lock___sfp_recursive_mutex
                    0x1               d:/local disk e_1212020131/projects/toolchain_route/compiler/7 2017-q4-major/bin/../lib/gcc/arm-none-eabi/7.2.1/../../../../arm-none-eabi/lib/thumb/v7e-m/fpv4-sp/hard\libc.a(lib_a-lock.o)

Memory Configuration

Name             Origin             Length             Attributes
FLASH            0x00005000         0x0007b000         xr
RAM64            0x10000000         0x00010000         xrw
RAM32            0x20000000         0x00008000         xrw
*default*        0x00000000         0xffffffff

Linker script and memory map

LOAD d:/local disk e_1212020131/projects/toolchain_route/compiler/7 2017-q4-major/bin/../lib/gcc/arm-none-eabi/7.2.1/thumb/v7e-m/fpv4-sp/hard/crti.o
LOAD d:/local disk e_1212020131/projects/toolchain_route/compiler/7 2017-q4-major/bin/../lib/gcc/arm-none-eabi/7.2.1/thumb/v7e-m/fpv4-sp/hard/crtbegin.o
LOAD d:/local disk e_1212020131/projects/toolchain_route/compiler/7 2017-q4-major/bin/../lib/gcc/arm-none-eabi/7.2.1/../../../../arm-none-eabi/lib/thumb/v7e-m/fpv4-sp/hard/crt0.o
LOAD ./obj/startup_ARMCM4.o
LOAD ./obj/system_LPC407x_8x_177x_8x.o
LOAD ./obj/main.o
LOAD ./obj/can_user.o
LOAD ./obj/route_map.o
LOAD ./obj/utils.o
LOAD ./obj/srr520_yg11_v05_in.o
LOAD ./obj/srr520_yg11_v05_out.o
LOAD ./lib/libPCAN-Router_FD_02.a
LOAD d:/local disk e_1212020131/projects/toolchain_route/compiler/7 2017-q4-major/bin/../lib/gcc/arm-none-eabi/7.2.1/../../../../arm-none-eabi/lib/thumb/v7e-m/fpv4-sp/hard\libm.a
LOAD d:/local disk e_1212020131/projects/toolchain_route/compiler/7 2017-q4-major/bin/../lib/gcc/arm-none-eabi/7.2.1/../../../../arm-none-eabi/lib/thumb/v7e-m/fpv4-sp/hard\libc.a
LOAD d:/local disk e_1212020131/projects/toolchain_route/compiler/7 2017-q4-major/bin/../lib/gcc/arm-none-eabi/7.2.1/thumb/v7e-m/fpv4-sp/hard\libgcc.a
LOAD d:/local disk e_1212020131/projects/toolchain_route/compiler/7 2017-q4-major/bin/../lib/gcc/arm-none-eabi/7.2.1/../../../../arm-none-eabi/lib/thumb/v7e-m/fpv4-sp/hard\libstdc++.a
START GROUP
LOAD d:/local disk e_1212020131/projects/toolchain_route/compiler/7 2017-q4-major/bin/../lib/gcc/arm-none-eabi/7.2.1/thumb/v7e-m/fpv4-sp/hard\libgcc.a
LOAD d:/local disk e_1212020131/projects/toolchain_route/compiler/7 2017-q4-major/bin/../lib/gcc/arm-none-eabi/7.2.1/../../../../arm-none-eabi/lib/thumb/v7e-m/fpv4-sp/hard\libg.a
LOAD d:/local disk e_1212020131/projects/toolchain_route/compiler/7 2017-q4-major/bin/../lib/gcc/arm-none-eabi/7.2.1/../../../../arm-none-eabi/lib/thumb/v7e-m/fpv4-sp/hard\libc.a
END GROUP
START GROUP
LOAD d:/local disk e_1212020131/projects/toolchain_route/compiler/7 2017-q4-major/bin/../lib/gcc/arm-none-eabi/7.2.1/thumb/v7e-m/fpv4-sp/hard\libgcc.a
LOAD d:/local disk e_1212020131/projects/toolchain_route/compiler/7 2017-q4-major/bin/../lib/gcc/arm-none-eabi/7.2.1/../../../../arm-none-eabi/lib/thumb/v7e-m/fpv4-sp/hard\libc.a
LOAD d:/local disk e_1212020131/projects/toolchain_route/compiler/7 2017-q4-major/bin/../lib/gcc/arm-none-eabi/7.2.1/../../../../arm-none-eabi/lib/thumb/v7e-m/fpv4-sp/hard\libnosys.a
END GROUP
LOAD d:/local disk e_1212020131/projects/toolchain_route/compiler/7 2017-q4-major/bin/../lib/gcc/arm-none-eabi/7.2.1/thumb/v7e-m/fpv4-sp/hard/crtend.o
LOAD d:/local disk e_1212020131/projects/toolchain_route/compiler/7 2017-q4-major/bin/../lib/gcc/arm-none-eabi/7.2.1/thumb/v7e-m/fpv4-sp/hard/crtn.o
                0x00005000                __ROM_BASE = 0x5000
                0x0007b000                __ROM_SIZE = 0x7b000
                0x10000000                __RAM64_BASE = 0x10000000
                0x00010000                __RAM64_SIZE = 0x10000
                0x20000000                __RAM32_BASE = 0x20000000
                0x00008000                __RAM32_SIZE = 0x8000
                0x00000400                __STACK_SIZE = 0x400
                0x00000004                __HEAP_SIZE = 0x4
                0xeffd1666                __code_checksum = (0x0 - ((((((((((((__StackTop + Reset_Handler) + 0x1) + NMI_Handler) + 0x1) + HardFault_Handler) + 0x1) + MemManage_Handler) + 0x1) + BusFault_Handler) + 0x1) + UsageFault_Handler) + 0x1))

.text           0x00005000     0x2d88
 *(.vectors)
 .vectors       0x00005000       0xe4 ./obj/startup_ARMCM4.o
                0x00005000                __Vectors
 *(.fwInfoMap)
 *(.text*)
 .text          0x000050e4        0x0 d:/local disk e_1212020131/projects/toolchain_route/compiler/7 2017-q4-major/bin/../lib/gcc/arm-none-eabi/7.2.1/thumb/v7e-m/fpv4-sp/hard/crti.o
 .text          0x000050e4       0x40 d:/local disk e_1212020131/projects/toolchain_route/compiler/7 2017-q4-major/bin/../lib/gcc/arm-none-eabi/7.2.1/thumb/v7e-m/fpv4-sp/hard/crtbegin.o
 .text          0x00005124       0x74 d:/local disk e_1212020131/projects/toolchain_route/compiler/7 2017-q4-major/bin/../lib/gcc/arm-none-eabi/7.2.1/../../../../arm-none-eabi/lib/thumb/v7e-m/fpv4-sp/hard/crt0.o
                0x00005124                _start
                0x00005124                _mainCRTStartup
 .text          0x00005198       0x90 ./obj/startup_ARMCM4.o
                0x00005198                GPIO_IRQHandler
                0x00005198                TIMER2_IRQHandler
                0x00005198                DebugMon_Handler
                0x00005198                I2C0_IRQHandler
                0x00005198                HardFault_Handler
                0x00005198                SysTick_Handler
                0x00005198                USBActivity_IRQHandler
                0x00005198                PWM1_IRQHandler
                0x00005198                PendSV_Handler
                0x00005198                NMI_Handler
                0x00005198                I2C1_IRQHandler
                0x00005198                EINT2_IRQHandler
                0x00005198                UART1_IRQHandler
                0x00005198                EINT3_IRQHandler
                0x00005198                CANActivity_IRQHandler
                0x00005198                TIMER3_IRQHandler
                0x00005198                UART0_IRQHandler
                0x00005198                UsageFault_Handler
                0x00005198                IntDefaultHandler
                0x00005198                PLL0_IRQHandler
                0x00005198                CAN_IRQHandler
                0x00005198                PLL1_IRQHandler
                0x00005198                SSP0_IRQHandler
                0x00005198                I2S_IRQHandler
                0x00005198                I2C2_IRQHandler
                0x00005198                RTC_IRQHandler
                0x00005198                TIMER0_IRQHandler
                0x00005198                MCPWM_IRQHandler
                0x00005198                LCD_IRQHandler
                0x00005198                EINT1_IRQHandler
                0x00005198                TIMER1_IRQHandler
                0x00005198                UART2_IRQHandler
                0x00005198                UART4_IRQHandler
                0x00005198                Default_Handler
                0x00005198                ADC_IRQHandler
                0x00005198                MCI_IRQHandler
                0x00005198                SSP1_IRQHandler
                0x00005198                USB_IRQHandler
                0x00005198                BOD_IRQHandler
                0x00005198                MemManage_Handler
                0x00005198                WDT_IRQHandler
                0x00005198                SVC_Handler
                0x00005198                QEI_IRQHandler
                0x00005198                EINT0_IRQHandler
                0x00005198                PWM0_IRQHandler
                0x00005198                SSP2_IRQHandler
                0x00005198                EEPROM_IRQHandler
                0x00005198                DMA_IRQHandler
                0x00005198                BusFault_Handler
                0x00005198                UART3_IRQHandler
                0x00005198                ENET_IRQHandler
                0x0000519c                Reset_Handler
 .text          0x00005228      0x2f0 ./obj/system_LPC407x_8x_177x_8x.o
                0x00005228                SystemCoreClockUpdate
                0x00005428                fpu_init
                0x00005474                SystemInit
 .text          0x00005518        0x0 ./obj/main.o
 .text.startup  0x00005518       0x80 ./obj/main.o
                0x00005518                main
 .text          0x00005598       0xa8 ./obj/can_user.o
                0x00005598                CAN_UserInvokeBootloader
                0x000055c0                CAN_UserRead
                0x00005604                CAN_UserInit
 .text          0x00005640      0x2bc ./obj/route_map.o
                0x00005640                IndexToOutputMsg
                0x00005658                mapDataFromInToOutOne2One
                0x000056e0                set_message
                0x00005788                srr_canfd2can_route_by_signals
 .text          0x000058fc        0x0 ./obj/utils.o
 .text          0x000058fc      0x254 ./obj/srr520_yg11_v05_in.o
                0x000058fc                srr520_yg11_v05_in_srr_obj_suffix_0_suffix_1_unpack
 .text          0x00005b50      0x25c ./obj/srr520_yg11_v05_out.o
                0x00005b50                srr520_yg11_v05_out_srr_obj_suffix_0_suffix_1_0_pack
                0x00005bf8                srr520_yg11_v05_out_srr_obj_suffix_0_suffix_1_1_pack
                0x00005c88                srr520_yg11_v05_out_srr_obj_suffix_0_suffix_1_2_pack
                0x00005d04                srr520_yg11_v05_out_srr_obj_suffix_0_suffix_1_3_pack
 .text          0x00005dac      0x404 ./lib/libPCAN-Router_FD_02.a(hardware.o)
                0x00005dac                HW_UserInit
                0x00005db0                HW_Init
                0x00005ff0                HW_GetModuleID
                0x00006010                HW_GetHwVersion
                0x00006050                HW_GetDIN
                0x0000607c                HW_SetDOUT
                0x0000609c                HW_SetLED
                0x00006128                HW_JumpToBootloader
 .text          0x000061b0      0x600 ./lib/libPCAN-Router_FD_02.a(can.o)
                0x000061b0                CAN_FilterAdd
                0x00006290                CAN_FilterRem
                0x0000637c                CAN_FilterReset
                0x000063c0                CAN_Write
                0x0000655c                CAN_Read
                0x0000663c                CAN_UnInitialize
                0x00006664                CAN_Initialize
 .text          0x000067b0      0xde8 ./lib/libPCAN-Router_FD_02.a(peak_flash.o)
                0x000067b0                PFLASH_UserWrite
                0x000067b4                PFLASH_UserInvokeBootloader
                0x000067b8                PFLASH_Process
                0x000074bc                PFLASH_MsgInput
                0x00007588                PFLASH_Startup
 .text          0x00007598       0x1c ./lib/libPCAN-Router_FD_02.a(systime.o)
                0x00007598                SYSTIME_Wait
 .text          0x000075b4        0x0 d:/local disk e_1212020131/projects/toolchain_route/compiler/7 2017-q4-major/bin/../lib/gcc/arm-none-eabi/7.2.1/../../../../arm-none-eabi/lib/thumb/v7e-m/fpv4-sp/hard\libc.a(lib_a-exit.o)
 .text.exit     0x000075b4       0x20 d:/local disk e_1212020131/projects/toolchain_route/compiler/7 2017-q4-major/bin/../lib/gcc/arm-none-eabi/7.2.1/../../../../arm-none-eabi/lib/thumb/v7e-m/fpv4-sp/hard\libc.a(lib_a-exit.o)
                0x000075b4                exit
 .text          0x000075d4        0x0 d:/local disk e_1212020131/projects/toolchain_route/compiler/7 2017-q4-major/bin/../lib/gcc/arm-none-eabi/7.2.1/../../../../arm-none-eabi/lib/thumb/v7e-m/fpv4-sp/hard\libc.a(lib_a-impure.o)
 .text          0x000075d4        0x0 d:/local disk e_1212020131/projects/toolchain_route/compiler/7 2017-q4-major/bin/../lib/gcc/arm-none-eabi/7.2.1/../../../../arm-none-eabi/lib/thumb/v7e-m/fpv4-sp/hard\libc.a(lib_a-init.o)
 .text.__libc_init_array
                0x000075d4       0x48 d:/local disk e_1212020131/projects/toolchain_route/compiler/7 2017-q4-major/bin/../lib/gcc/arm-none-eabi/7.2.1/../../../../arm-none-eabi/lib/thumb/v7e-m/fpv4-sp/hard\libc.a(lib_a-init.o)
                0x000075d4                __libc_init_array
 .text          0x0000761c        0x0 d:/local disk e_1212020131/projects/toolchain_route/compiler/7 2017-q4-major/bin/../lib/gcc/arm-none-eabi/7.2.1/../../../../arm-none-eabi/lib/thumb/v7e-m/fpv4-sp/hard\libc.a(lib_a-memset.o)
 .text.memset   0x0000761c       0x94 d:/local disk e_1212020131/projects/toolchain_route/compiler/7 2017-q4-major/bin/../lib/gcc/arm-none-eabi/7.2.1/../../../../arm-none-eabi/lib/thumb/v7e-m/fpv4-sp/hard\libc.a(lib_a-memset.o)
                0x0000761c                memset
 *fill*         0x000076b0       0x10 
 .text          0x000076c0       0xdc d:/local disk e_1212020131/projects/toolchain_route/compiler/7 2017-q4-major/bin/../lib/gcc/arm-none-eabi/7.2.1/../../../../arm-none-eabi/lib/thumb/v7e-m/fpv4-sp/hard\libc.a(lib_a-strlen.o)
                0x000076c0                strlen
 .text          0x0000779c        0x0 d:/local disk e_1212020131/projects/toolchain_route/compiler/7 2017-q4-major/bin/../lib/gcc/arm-none-eabi/7.2.1/../../../../arm-none-eabi/lib/thumb/v7e-m/fpv4-sp/hard\libc.a(lib_a-strncat.o)
 .text.strncat  0x0000779c       0x5c d:/local disk e_1212020131/projects/toolchain_route/compiler/7 2017-q4-major/bin/../lib/gcc/arm-none-eabi/7.2.1/../../../../arm-none-eabi/lib/thumb/v7e-m/fpv4-sp/hard\libc.a(lib_a-strncat.o)
                0x0000779c                strncat
 .text          0x000077f8        0x0 d:/local disk e_1212020131/projects/toolchain_route/compiler/7 2017-q4-major/bin/../lib/gcc/arm-none-eabi/7.2.1/../../../../arm-none-eabi/lib/thumb/v7e-m/fpv4-sp/hard\libc.a(lib_a-strnlen.o)
 .text.strnlen  0x000077f8       0x40 d:/local disk e_1212020131/projects/toolchain_route/compiler/7 2017-q4-major/bin/../lib/gcc/arm-none-eabi/7.2.1/../../../../arm-none-eabi/lib/thumb/v7e-m/fpv4-sp/hard\libc.a(lib_a-strnlen.o)
                0x000077f8                strnlen
 .text          0x00007838        0x0 d:/local disk e_1212020131/projects/toolchain_route/compiler/7 2017-q4-major/bin/../lib/gcc/arm-none-eabi/7.2.1/../../../../arm-none-eabi/lib/thumb/v7e-m/fpv4-sp/hard\libc.a(lib_a-__call_atexit.o)
 .text.startup.register_fini
                0x00007838       0x14 d:/local disk e_1212020131/projects/toolchain_route/compiler/7 2017-q4-major/bin/../lib/gcc/arm-none-eabi/7.2.1/../../../../arm-none-eabi/lib/thumb/v7e-m/fpv4-sp/hard\libc.a(lib_a-__call_atexit.o)
 .text.__call_exitprocs
                0x0000784c       0xe8 d:/local disk e_1212020131/projects/toolchain_route/compiler/7 2017-q4-major/bin/../lib/gcc/arm-none-eabi/7.2.1/../../../../arm-none-eabi/lib/thumb/v7e-m/fpv4-sp/hard\libc.a(lib_a-__call_atexit.o)
                0x0000784c                __call_exitprocs
 .text          0x00007934        0x0 d:/local disk e_1212020131/projects/toolchain_route/compiler/7 2017-q4-major/bin/../lib/gcc/arm-none-eabi/7.2.1/../../../../arm-none-eabi/lib/thumb/v7e-m/fpv4-sp/hard\libc.a(lib_a-atexit.o)
 .text.atexit   0x00007934        0xc d:/local disk e_1212020131/projects/toolchain_route/compiler/7 2017-q4-major/bin/../lib/gcc/arm-none-eabi/7.2.1/../../../../arm-none-eabi/lib/thumb/v7e-m/fpv4-sp/hard\libc.a(lib_a-atexit.o)
                0x00007934                atexit
 .text          0x00007940        0x0 d:/local disk e_1212020131/projects/toolchain_route/compiler/7 2017-q4-major/bin/../lib/gcc/arm-none-eabi/7.2.1/../../../../arm-none-eabi/lib/thumb/v7e-m/fpv4-sp/hard\libc.a(lib_a-fini.o)
 .text.__libc_fini_array
                0x00007940       0x34 d:/local disk e_1212020131/projects/toolchain_route/compiler/7 2017-q4-major/bin/../lib/gcc/arm-none-eabi/7.2.1/../../../../arm-none-eabi/lib/thumb/v7e-m/fpv4-sp/hard\libc.a(lib_a-fini.o)
                0x00007940                __libc_fini_array
 .text          0x00007974        0x0 d:/local disk e_1212020131/projects/toolchain_route/compiler/7 2017-q4-major/bin/../lib/gcc/arm-none-eabi/7.2.1/../../../../arm-none-eabi/lib/thumb/v7e-m/fpv4-sp/hard\libc.a(lib_a-lock.o)
 .text.__retarget_lock_init
                0x00007974        0x4 d:/local disk e_1212020131/projects/toolchain_route/compiler/7 2017-q4-major/bin/../lib/gcc/arm-none-eabi/7.2.1/../../../../arm-none-eabi/lib/thumb/v7e-m/fpv4-sp/hard\libc.a(lib_a-lock.o)
                0x00007974                __retarget_lock_init
 .text.__retarget_lock_init_recursive
                0x00007978        0x4 d:/local disk e_1212020131/projects/toolchain_route/compiler/7 2017-q4-major/bin/../lib/gcc/arm-none-eabi/7.2.1/../../../../arm-none-eabi/lib/thumb/v7e-m/fpv4-sp/hard\libc.a(lib_a-lock.o)
                0x00007978                __retarget_lock_init_recursive
 .text.__retarget_lock_close
                0x0000797c        0x4 d:/local disk e_1212020131/projects/toolchain_route/compiler/7 2017-q4-major/bin/../lib/gcc/arm-none-eabi/7.2.1/../../../../arm-none-eabi/lib/thumb/v7e-m/fpv4-sp/hard\libc.a(lib_a-lock.o)
                0x0000797c                __retarget_lock_close
 .text.__retarget_lock_close_recursive
                0x00007980        0x4 d:/local disk e_1212020131/projects/toolchain_route/compiler/7 2017-q4-major/bin/../lib/gcc/arm-none-eabi/7.2.1/../../../../arm-none-eabi/lib/thumb/v7e-m/fpv4-sp/hard\libc.a(lib_a-lock.o)
                0x00007980                __retarget_lock_close_recursive
 .text.__retarget_lock_acquire
                0x00007984        0x4 d:/local disk e_1212020131/projects/toolchain_route/compiler/7 2017-q4-major/bin/../lib/gcc/arm-none-eabi/7.2.1/../../../../arm-none-eabi/lib/thumb/v7e-m/fpv4-sp/hard\libc.a(lib_a-lock.o)
                0x00007984                __retarget_lock_acquire
 .text.__retarget_lock_acquire_recursive
                0x00007988        0x4 d:/local disk e_1212020131/projects/toolchain_route/compiler/7 2017-q4-major/bin/../lib/gcc/arm-none-eabi/7.2.1/../../../../arm-none-eabi/lib/thumb/v7e-m/fpv4-sp/hard\libc.a(lib_a-lock.o)
                0x00007988                __retarget_lock_acquire_recursive
 .text.__retarget_lock_try_acquire
                0x0000798c        0x4 d:/local disk e_1212020131/projects/toolchain_route/compiler/7 2017-q4-major/bin/../lib/gcc/arm-none-eabi/7.2.1/../../../../arm-none-eabi/lib/thumb/v7e-m/fpv4-sp/hard\libc.a(lib_a-lock.o)
                0x0000798c                __retarget_lock_try_acquire
 .text.__retarget_lock_try_acquire_recursive
                0x00007990        0x4 d:/local disk e_1212020131/projects/toolchain_route/compiler/7 2017-q4-major/bin/../lib/gcc/arm-none-eabi/7.2.1/../../../../arm-none-eabi/lib/thumb/v7e-m/fpv4-sp/hard\libc.a(lib_a-lock.o)
                0x00007990                __retarget_lock_try_acquire_recursive
 .text.__retarget_lock_release
                0x00007994        0x4 d:/local disk e_1212020131/projects/toolchain_route/compiler/7 2017-q4-major/bin/../lib/gcc/arm-none-eabi/7.2.1/../../../../arm-none-eabi/lib/thumb/v7e-m/fpv4-sp/hard\libc.a(lib_a-lock.o)
                0x00007994                __retarget_lock_release
 .text.__retarget_lock_release_recursive
                0x00007998        0x4 d:/local disk e_1212020131/projects/toolchain_route/compiler/7 2017-q4-major/bin/../lib/gcc/arm-none-eabi/7.2.1/../../../../arm-none-eabi/lib/thumb/v7e-m/fpv4-sp/hard\libc.a(lib_a-lock.o)
                0x00007998                __retarget_lock_release_recursive
 .text          0x0000799c        0x0 d:/local disk e_1212020131/projects/toolchain_route/compiler/7 2017-q4-major/bin/../lib/gcc/arm-none-eabi/7.2.1/../../../../arm-none-eabi/lib/thumb/v7e-m/fpv4-sp/hard\libc.a(lib_a-__atexit.o)
 .text.__register_exitproc
                0x0000799c       0xc0 d:/local disk e_1212020131/projects/toolchain_route/compiler/7 2017-q4-major/bin/../lib/gcc/arm-none-eabi/7.2.1/../../../../arm-none-eabi/lib/thumb/v7e-m/fpv4-sp/hard\libc.a(lib_a-__atexit.o)
                0x0000799c                __register_exitproc
 .text          0x00007a5c        0x0 d:/local disk e_1212020131/projects/toolchain_route/compiler/7 2017-q4-major/bin/../lib/gcc/arm-none-eabi/7.2.1/../../../../arm-none-eabi/lib/thumb/v7e-m/fpv4-sp/hard\libnosys.a(_exit.o)
 .text._exit    0x00007a5c        0x4 d:/local disk e_1212020131/projects/toolchain_route/compiler/7 2017-q4-major/bin/../lib/gcc/arm-none-eabi/7.2.1/../../../../arm-none-eabi/lib/thumb/v7e-m/fpv4-sp/hard\libnosys.a(_exit.o)
                0x00007a5c                _exit
 .text          0x00007a60        0x0 d:/local disk e_1212020131/projects/toolchain_route/compiler/7 2017-q4-major/bin/../lib/gcc/arm-none-eabi/7.2.1/thumb/v7e-m/fpv4-sp/hard/crtend.o
 .text          0x00007a60        0x0 d:/local disk e_1212020131/projects/toolchain_route/compiler/7 2017-q4-major/bin/../lib/gcc/arm-none-eabi/7.2.1/thumb/v7e-m/fpv4-sp/hard/crtn.o
 *(.init)
 .init          0x00007a60        0x4 d:/local disk e_1212020131/projects/toolchain_route/compiler/7 2017-q4-major/bin/../lib/gcc/arm-none-eabi/7.2.1/thumb/v7e-m/fpv4-sp/hard/crti.o
                0x00007a60                _init
 .init          0x00007a64        0x8 d:/local disk e_1212020131/projects/toolchain_route/compiler/7 2017-q4-major/bin/../lib/gcc/arm-none-eabi/7.2.1/thumb/v7e-m/fpv4-sp/hard/crtn.o
 *(.fini)
 .fini          0x00007a6c        0x4 d:/local disk e_1212020131/projects/toolchain_route/compiler/7 2017-q4-major/bin/../lib/gcc/arm-none-eabi/7.2.1/thumb/v7e-m/fpv4-sp/hard/crti.o
                0x00007a6c                _fini
 .fini          0x00007a70        0x8 d:/local disk e_1212020131/projects/toolchain_route/compiler/7 2017-q4-major/bin/../lib/gcc/arm-none-eabi/7.2.1/thumb/v7e-m/fpv4-sp/hard/crtn.o
 *crtbegin.o(.ctors)
 *crtbegin?.o(.ctors)
 *(EXCLUDE_FILE(*crtend.o *crtend?.o) .ctors)
 *(SORT_BY_NAME(.ctors.*))
 *(.ctors)
 *crtbegin.o(.dtors)
 *crtbegin?.o(.dtors)
 *(EXCLUDE_FILE(*crtend.o *crtend?.o) .dtors)
 *(SORT_BY_NAME(.dtors.*))
 *(.dtors)
 *(.rodata*)
 .rodata        0x00007a78        0xf ./obj/main.o
                0x00007a78                Ident
 *fill*         0x00007a87        0x1 
 .rodata        0x00007a88       0x50 ./obj/can_user.o
 .rodata        0x00007ad8       0xc0 ./obj/route_map.o
                0x00007ad8                map_table_one2one_CAN_2_CAN
                0x00007b38                m_data_length_map
                0x00007b48                srr_can_ids
 .rodata.str1.4
                0x00007b98       0x11 ./lib/libPCAN-Router_FD_02.a(hardware.o)
 *fill*         0x00007ba9        0x3 
 .rodata        0x00007bac       0x40 ./lib/libPCAN-Router_FD_02.a(can.o)
 .rodata        0x00007bec       0x10 ./lib/libPCAN-Router_FD_02.a(peak_flash.o)
 .rodata.str1.4
                0x00007bfc      0x184 ./lib/libPCAN-Router_FD_02.a(peak_flash.o)
                                0x182 (size before relaxing)
 .rodata._global_impure_ptr
                0x00007d80        0x4 d:/local disk e_1212020131/projects/toolchain_route/compiler/7 2017-q4-major/bin/../lib/gcc/arm-none-eabi/7.2.1/../../../../arm-none-eabi/lib/thumb/v7e-m/fpv4-sp/hard\libc.a(lib_a-impure.o)
                0x00007d80                _global_impure_ptr
 *(.eh_frame*)
 .eh_frame      0x00007d84        0x0 d:/local disk e_1212020131/projects/toolchain_route/compiler/7 2017-q4-major/bin/../lib/gcc/arm-none-eabi/7.2.1/thumb/v7e-m/fpv4-sp/hard/crtbegin.o
 .eh_frame      0x00007d84        0x4 d:/local disk e_1212020131/projects/toolchain_route/compiler/7 2017-q4-major/bin/../lib/gcc/arm-none-eabi/7.2.1/thumb/v7e-m/fpv4-sp/hard/crtend.o

.glue_7         0x00007d88        0x0
 .glue_7        0x00007d88        0x0 linker stubs

.glue_7t        0x00007d88        0x0
 .glue_7t       0x00007d88        0x0 linker stubs

.vfp11_veneer   0x00007d88        0x0
 .vfp11_veneer  0x00007d88        0x0 linker stubs

.v4_bx          0x00007d88        0x0
 .v4_bx         0x00007d88        0x0 linker stubs

.iplt           0x00007d88        0x0
 .iplt          0x00007d88        0x0 d:/local disk e_1212020131/projects/toolchain_route/compiler/7 2017-q4-major/bin/../lib/gcc/arm-none-eabi/7.2.1/thumb/v7e-m/fpv4-sp/hard/crtbegin.o

.ARM.extab      0x00007d88        0x0
 *(.ARM.extab* .gnu.linkonce.armextab.*)
 .ARM.extab     0x00007d88        0x0 d:/local disk e_1212020131/projects/toolchain_route/compiler/7 2017-q4-major/bin/../lib/gcc/arm-none-eabi/7.2.1/../../../../arm-none-eabi/lib/thumb/v7e-m/fpv4-sp/hard/crt0.o
                0x00007d88                __exidx_start = .

.ARM.exidx      0x00007d88        0x8
 *(.ARM.exidx* .gnu.linkonce.armexidx.*)
 .ARM.exidx     0x00007d88        0x8 d:/local disk e_1212020131/projects/toolchain_route/compiler/7 2017-q4-major/bin/../lib/gcc/arm-none-eabi/7.2.1/../../../../arm-none-eabi/lib/thumb/v7e-m/fpv4-sp/hard/crt0.o
                0x00007d90                __exidx_end = .

.rel.dyn        0x00007d90        0x0
 .rel.iplt      0x00007d90        0x0 d:/local disk e_1212020131/projects/toolchain_route/compiler/7 2017-q4-major/bin/../lib/gcc/arm-none-eabi/7.2.1/thumb/v7e-m/fpv4-sp/hard/crtbegin.o

.copy.table     0x00007d90       0x18
                0x00007d90                . = ALIGN (0x4)
                0x00007d90                __copy_table_start__ = .
                0x00007d90        0x4 LONG 0x7db0 __etext
                0x00007d94        0x4 LONG 0x10000000 __data_start__
                0x00007d98        0x4 LONG 0x114 ((__data_end__ - __data_start__) / 0x4)
                0x00007d9c        0x4 LONG 0x10000450 __etext2
                0x00007da0        0x4 LONG 0x20000000 __data2_start__
                0x00007da4        0x4 LONG 0x0 ((__data2_end__ - __data2_start__) / 0x4)
                0x00007da8                __copy_table_end__ = .

.zero.table     0x00007da8        0x8
                0x00007da8                . = ALIGN (0x4)
                0x00007da8                __zero_table_start__ = .
                0x00007da8        0x4 LONG 0x20000000 __bss2_start__
                0x00007dac        0x4 LONG 0x0 ((__bss2_end__ - __bss2_start__) / 0x4)
                0x00007db0                __zero_table_end__ = .
                0x00007db0                __etext = ALIGN (0x4)

.data           0x10000000      0x450 load address 0x00007db0
                0x10000000                __data_start__ = .
 *(vtable)
 *(.data)
 .data          0x10000000        0x0 d:/local disk e_1212020131/projects/toolchain_route/compiler/7 2017-q4-major/bin/../lib/gcc/arm-none-eabi/7.2.1/thumb/v7e-m/fpv4-sp/hard/crti.o
 .data          0x10000000        0x4 d:/local disk e_1212020131/projects/toolchain_route/compiler/7 2017-q4-major/bin/../lib/gcc/arm-none-eabi/7.2.1/thumb/v7e-m/fpv4-sp/hard/crtbegin.o
                0x10000000                __dso_handle
 .data          0x10000004        0x0 d:/local disk e_1212020131/projects/toolchain_route/compiler/7 2017-q4-major/bin/../lib/gcc/arm-none-eabi/7.2.1/../../../../arm-none-eabi/lib/thumb/v7e-m/fpv4-sp/hard/crt0.o
 .data          0x10000004        0x0 ./obj/startup_ARMCM4.o
 .data          0x10000004       0x10 ./obj/system_LPC407x_8x_177x_8x.o
                0x10000004                SystemCoreClock
                0x10000008                PeripheralClock
                0x1000000c                EMCClock
                0x10000010                USBClock
 .data          0x10000014        0x0 ./obj/main.o
 .data          0x10000014        0x0 ./obj/can_user.o
 .data          0x10000014        0x0 ./obj/route_map.o
 .data          0x10000014        0x0 ./obj/utils.o
 .data          0x10000014        0x0 ./obj/srr520_yg11_v05_in.o
 .data          0x10000014        0x0 ./obj/srr520_yg11_v05_out.o
 .data          0x10000014        0x0 ./lib/libPCAN-Router_FD_02.a(hardware.o)
 .data          0x10000014        0x0 ./lib/libPCAN-Router_FD_02.a(can.o)
 .data          0x10000014        0x0 ./lib/libPCAN-Router_FD_02.a(peak_flash.o)
 .data          0x10000014        0x0 ./lib/libPCAN-Router_FD_02.a(systime.o)
 .data          0x10000014        0x0 d:/local disk e_1212020131/projects/toolchain_route/compiler/7 2017-q4-major/bin/../lib/gcc/arm-none-eabi/7.2.1/../../../../arm-none-eabi/lib/thumb/v7e-m/fpv4-sp/hard\libc.a(lib_a-exit.o)
 .data          0x10000014        0x0 d:/local disk e_1212020131/projects/toolchain_route/compiler/7 2017-q4-major/bin/../lib/gcc/arm-none-eabi/7.2.1/../../../../arm-none-eabi/lib/thumb/v7e-m/fpv4-sp/hard\libc.a(lib_a-impure.o)
 .data          0x10000014        0x0 d:/local disk e_1212020131/projects/toolchain_route/compiler/7 2017-q4-major/bin/../lib/gcc/arm-none-eabi/7.2.1/../../../../arm-none-eabi/lib/thumb/v7e-m/fpv4-sp/hard\libc.a(lib_a-init.o)
 .data          0x10000014        0x0 d:/local disk e_1212020131/projects/toolchain_route/compiler/7 2017-q4-major/bin/../lib/gcc/arm-none-eabi/7.2.1/../../../../arm-none-eabi/lib/thumb/v7e-m/fpv4-sp/hard\libc.a(lib_a-memset.o)
 .data          0x10000014        0x0 d:/local disk e_1212020131/projects/toolchain_route/compiler/7 2017-q4-major/bin/../lib/gcc/arm-none-eabi/7.2.1/../../../../arm-none-eabi/lib/thumb/v7e-m/fpv4-sp/hard\libc.a(lib_a-strlen.o)
 .data          0x10000014        0x0 d:/local disk e_1212020131/projects/toolchain_route/compiler/7 2017-q4-major/bin/../lib/gcc/arm-none-eabi/7.2.1/../../../../arm-none-eabi/lib/thumb/v7e-m/fpv4-sp/hard\libc.a(lib_a-strncat.o)
 .data          0x10000014        0x0 d:/local disk e_1212020131/projects/toolchain_route/compiler/7 2017-q4-major/bin/../lib/gcc/arm-none-eabi/7.2.1/../../../../arm-none-eabi/lib/thumb/v7e-m/fpv4-sp/hard\libc.a(lib_a-strnlen.o)
 .data          0x10000014        0x0 d:/local disk e_1212020131/projects/toolchain_route/compiler/7 2017-q4-major/bin/../lib/gcc/arm-none-eabi/7.2.1/../../../../arm-none-eabi/lib/thumb/v7e-m/fpv4-sp/hard\libc.a(lib_a-__call_atexit.o)
 .data          0x10000014        0x0 d:/local disk e_1212020131/projects/toolchain_route/compiler/7 2017-q4-major/bin/../lib/gcc/arm-none-eabi/7.2.1/../../../../arm-none-eabi/lib/thumb/v7e-m/fpv4-sp/hard\libc.a(lib_a-atexit.o)
 .data          0x10000014        0x0 d:/local disk e_1212020131/projects/toolchain_route/compiler/7 2017-q4-major/bin/../lib/gcc/arm-none-eabi/7.2.1/../../../../arm-none-eabi/lib/thumb/v7e-m/fpv4-sp/hard\libc.a(lib_a-fini.o)
 .data          0x10000014        0x0 d:/local disk e_1212020131/projects/toolchain_route/compiler/7 2017-q4-major/bin/../lib/gcc/arm-none-eabi/7.2.1/../../../../arm-none-eabi/lib/thumb/v7e-m/fpv4-sp/hard\libc.a(lib_a-lock.o)
 .data          0x10000014        0x0 d:/local disk e_1212020131/projects/toolchain_route/compiler/7 2017-q4-major/bin/../lib/gcc/arm-none-eabi/7.2.1/../../../../arm-none-eabi/lib/thumb/v7e-m/fpv4-sp/hard\libc.a(lib_a-__atexit.o)
 .data          0x10000014        0x0 d:/local disk e_1212020131/projects/toolchain_route/compiler/7 2017-q4-major/bin/../lib/gcc/arm-none-eabi/7.2.1/../../../../arm-none-eabi/lib/thumb/v7e-m/fpv4-sp/hard\libnosys.a(_exit.o)
 .data          0x10000014        0x0 d:/local disk e_1212020131/projects/toolchain_route/compiler/7 2017-q4-major/bin/../lib/gcc/arm-none-eabi/7.2.1/thumb/v7e-m/fpv4-sp/hard/crtend.o
 .data          0x10000014        0x0 d:/local disk e_1212020131/projects/toolchain_route/compiler/7 2017-q4-major/bin/../lib/gcc/arm-none-eabi/7.2.1/thumb/v7e-m/fpv4-sp/hard/crtn.o
 *(.data.*)
 .data._impure_ptr
                0x10000014        0x4 d:/local disk e_1212020131/projects/toolchain_route/compiler/7 2017-q4-major/bin/../lib/gcc/arm-none-eabi/7.2.1/../../../../arm-none-eabi/lib/thumb/v7e-m/fpv4-sp/hard\libc.a(lib_a-impure.o)
                0x10000014                _impure_ptr
 .data.impure_data
                0x10000018      0x428 d:/local disk e_1212020131/projects/toolchain_route/compiler/7 2017-q4-major/bin/../lib/gcc/arm-none-eabi/7.2.1/../../../../arm-none-eabi/lib/thumb/v7e-m/fpv4-sp/hard\libc.a(lib_a-impure.o)
 .data.__atexit_recursive_mutex
                0x10000440        0x4 d:/local disk e_1212020131/projects/toolchain_route/compiler/7 2017-q4-major/bin/../lib/gcc/arm-none-eabi/7.2.1/../../../../arm-none-eabi/lib/thumb/v7e-m/fpv4-sp/hard\libc.a(lib_a-__call_atexit.o)
                0x10000440                __atexit_recursive_mutex
                0x10000444                . = ALIGN (0x4)
                0x10000444                PROVIDE (__preinit_array_start, .)
 *(.preinit_array)
                0x10000444                PROVIDE (__preinit_array_end, .)
                0x10000444                . = ALIGN (0x4)
                0x10000444                PROVIDE (__init_array_start, .)
 *(SORT_BY_NAME(.init_array.*))
 .init_array.00000
                0x10000444        0x4 d:/local disk e_1212020131/projects/toolchain_route/compiler/7 2017-q4-major/bin/../lib/gcc/arm-none-eabi/7.2.1/../../../../arm-none-eabi/lib/thumb/v7e-m/fpv4-sp/hard\libc.a(lib_a-__call_atexit.o)
 *(.init_array)
 .init_array    0x10000448        0x4 d:/local disk e_1212020131/projects/toolchain_route/compiler/7 2017-q4-major/bin/../lib/gcc/arm-none-eabi/7.2.1/thumb/v7e-m/fpv4-sp/hard/crtbegin.o
                0x1000044c                PROVIDE (__init_array_end, .)
                0x1000044c                . = ALIGN (0x4)
                0x1000044c                PROVIDE (__fini_array_start, .)
 *(SORT_BY_NAME(.fini_array.*))
 *(.fini_array)
 .fini_array    0x1000044c        0x4 d:/local disk e_1212020131/projects/toolchain_route/compiler/7 2017-q4-major/bin/../lib/gcc/arm-none-eabi/7.2.1/thumb/v7e-m/fpv4-sp/hard/crtbegin.o
                0x10000450                PROVIDE (__fini_array_end, .)
 *(.jcr*)
                0x10000450                . = ALIGN (0x4)
                0x10000450                __data_end__ = .
                0x10000450                __etext2 = ALIGN (0x4)

.igot.plt       0x10000450        0x0 load address 0x00008200
 .igot.plt      0x10000450        0x0 d:/local disk e_1212020131/projects/toolchain_route/compiler/7 2017-q4-major/bin/../lib/gcc/arm-none-eabi/7.2.1/thumb/v7e-m/fpv4-sp/hard/crtbegin.o

.data2          0x20000000        0x0 load address 0x00008200
                0x20000000                . = ALIGN (0x4)
                0x20000000                __data2_start__ = .
 *(.data2)
 *(.data2.*)
                0x20000000                . = ALIGN (0x4)
                0x20000000                __data2_end__ = .

.bss            0x10000450      0x2b4
                0x10000450                . = ALIGN (0x4)
                0x10000450                __bss_start__ = .
 *(.bss)
 .bss           0x10000450        0x0 d:/local disk e_1212020131/projects/toolchain_route/compiler/7 2017-q4-major/bin/../lib/gcc/arm-none-eabi/7.2.1/thumb/v7e-m/fpv4-sp/hard/crti.o
 .bss           0x10000450       0x1c d:/local disk e_1212020131/projects/toolchain_route/compiler/7 2017-q4-major/bin/../lib/gcc/arm-none-eabi/7.2.1/thumb/v7e-m/fpv4-sp/hard/crtbegin.o
 .bss           0x1000046c        0x0 d:/local disk e_1212020131/projects/toolchain_route/compiler/7 2017-q4-major/bin/../lib/gcc/arm-none-eabi/7.2.1/../../../../arm-none-eabi/lib/thumb/v7e-m/fpv4-sp/hard/crt0.o
 .bss           0x1000046c        0x0 ./obj/startup_ARMCM4.o
 .bss           0x1000046c        0x0 ./obj/system_LPC407x_8x_177x_8x.o
 .bss           0x1000046c        0x2 ./obj/main.o
 .bss           0x1000046e        0x0 ./obj/can_user.o
 .bss           0x1000046e        0x0 ./obj/route_map.o
 .bss           0x1000046e        0x0 ./obj/utils.o
 .bss           0x1000046e        0x0 ./obj/srr520_yg11_v05_in.o
 .bss           0x1000046e        0x0 ./obj/srr520_yg11_v05_out.o
 .bss           0x1000046e        0x0 ./lib/libPCAN-Router_FD_02.a(hardware.o)
 *fill*         0x1000046e        0x2 
 .bss           0x10000470      0x200 ./lib/libPCAN-Router_FD_02.a(can.o)
 .bss           0x10000670       0x70 ./lib/libPCAN-Router_FD_02.a(peak_flash.o)
 .bss           0x100006e0        0x0 ./lib/libPCAN-Router_FD_02.a(systime.o)
 .bss           0x100006e0        0x0 d:/local disk e_1212020131/projects/toolchain_route/compiler/7 2017-q4-major/bin/../lib/gcc/arm-none-eabi/7.2.1/../../../../arm-none-eabi/lib/thumb/v7e-m/fpv4-sp/hard\libc.a(lib_a-exit.o)
 .bss           0x100006e0        0x0 d:/local disk e_1212020131/projects/toolchain_route/compiler/7 2017-q4-major/bin/../lib/gcc/arm-none-eabi/7.2.1/../../../../arm-none-eabi/lib/thumb/v7e-m/fpv4-sp/hard\libc.a(lib_a-impure.o)
 .bss           0x100006e0        0x0 d:/local disk e_1212020131/projects/toolchain_route/compiler/7 2017-q4-major/bin/../lib/gcc/arm-none-eabi/7.2.1/../../../../arm-none-eabi/lib/thumb/v7e-m/fpv4-sp/hard\libc.a(lib_a-init.o)
 .bss           0x100006e0        0x0 d:/local disk e_1212020131/projects/toolchain_route/compiler/7 2017-q4-major/bin/../lib/gcc/arm-none-eabi/7.2.1/../../../../arm-none-eabi/lib/thumb/v7e-m/fpv4-sp/hard\libc.a(lib_a-memset.o)
 .bss           0x100006e0        0x0 d:/local disk e_1212020131/projects/toolchain_route/compiler/7 2017-q4-major/bin/../lib/gcc/arm-none-eabi/7.2.1/../../../../arm-none-eabi/lib/thumb/v7e-m/fpv4-sp/hard\libc.a(lib_a-strlen.o)
 .bss           0x100006e0        0x0 d:/local disk e_1212020131/projects/toolchain_route/compiler/7 2017-q4-major/bin/../lib/gcc/arm-none-eabi/7.2.1/../../../../arm-none-eabi/lib/thumb/v7e-m/fpv4-sp/hard\libc.a(lib_a-strncat.o)
 .bss           0x100006e0        0x0 d:/local disk e_1212020131/projects/toolchain_route/compiler/7 2017-q4-major/bin/../lib/gcc/arm-none-eabi/7.2.1/../../../../arm-none-eabi/lib/thumb/v7e-m/fpv4-sp/hard\libc.a(lib_a-strnlen.o)
 .bss           0x100006e0        0x0 d:/local disk e_1212020131/projects/toolchain_route/compiler/7 2017-q4-major/bin/../lib/gcc/arm-none-eabi/7.2.1/../../../../arm-none-eabi/lib/thumb/v7e-m/fpv4-sp/hard\libc.a(lib_a-__call_atexit.o)
 .bss           0x100006e0        0x0 d:/local disk e_1212020131/projects/toolchain_route/compiler/7 2017-q4-major/bin/../lib/gcc/arm-none-eabi/7.2.1/../../../../arm-none-eabi/lib/thumb/v7e-m/fpv4-sp/hard\libc.a(lib_a-atexit.o)
 .bss           0x100006e0        0x0 d:/local disk e_1212020131/projects/toolchain_route/compiler/7 2017-q4-major/bin/../lib/gcc/arm-none-eabi/7.2.1/../../../../arm-none-eabi/lib/thumb/v7e-m/fpv4-sp/hard\libc.a(lib_a-fini.o)
 .bss           0x100006e0        0x0 d:/local disk e_1212020131/projects/toolchain_route/compiler/7 2017-q4-major/bin/../lib/gcc/arm-none-eabi/7.2.1/../../../../arm-none-eabi/lib/thumb/v7e-m/fpv4-sp/hard\libc.a(lib_a-lock.o)
 .bss           0x100006e0        0x0 d:/local disk e_1212020131/projects/toolchain_route/compiler/7 2017-q4-major/bin/../lib/gcc/arm-none-eabi/7.2.1/../../../../arm-none-eabi/lib/thumb/v7e-m/fpv4-sp/hard\libc.a(lib_a-__atexit.o)
 .bss           0x100006e0        0x0 d:/local disk e_1212020131/projects/toolchain_route/compiler/7 2017-q4-major/bin/../lib/gcc/arm-none-eabi/7.2.1/../../../../arm-none-eabi/lib/thumb/v7e-m/fpv4-sp/hard\libnosys.a(_exit.o)
 .bss           0x100006e0        0x0 d:/local disk e_1212020131/projects/toolchain_route/compiler/7 2017-q4-major/bin/../lib/gcc/arm-none-eabi/7.2.1/thumb/v7e-m/fpv4-sp/hard/crtend.o
 .bss           0x100006e0        0x0 d:/local disk e_1212020131/projects/toolchain_route/compiler/7 2017-q4-major/bin/../lib/gcc/arm-none-eabi/7.2.1/thumb/v7e-m/fpv4-sp/hard/crtn.o
 *(.bss.*)
 *(COMMON)
 COMMON         0x100006e0       0x21 d:/local disk e_1212020131/projects/toolchain_route/compiler/7 2017-q4-major/bin/../lib/gcc/arm-none-eabi/7.2.1/../../../../arm-none-eabi/lib/thumb/v7e-m/fpv4-sp/hard\libc.a(lib_a-lock.o)
                0x100006e0                __lock___atexit_recursive_mutex
                0x100006e4                __lock___arc4random_mutex
                0x100006e8                __lock___env_recursive_mutex
                0x100006ec                __lock___sinit_recursive_mutex
                0x100006f0                __lock___malloc_recursive_mutex
                0x100006f4                __lock___at_quick_exit_mutex
                0x100006f8                __lock___dd_hash_mutex
                0x100006fc                __lock___tz_mutex
                0x10000700                __lock___sfp_recursive_mutex
                0x10000704                . = ALIGN (0x4)
 *fill*         0x10000701        0x3 
                0x10000704                __bss_end__ = .

.bss2           0x20000000        0x0
                0x20000000                . = ALIGN (0x4)
                0x20000000                __bss2_start__ = .
 *(.bss2)
 *(.bss2.*)
                0x20000000                . = ALIGN (0x4)
                0x20000000                __bss2_end__ = .

.heap           0x10000704        0xc
                0x10000708                . = ALIGN (0x8)
 *fill*         0x10000704        0x4 
                0x10000708                __end__ = .
                [!provide]                PROVIDE (end, .)
                0x1000070c                . = (. + __HEAP_SIZE)
 *fill*         0x10000708        0x4 
                0x10000710                . = ALIGN (0x8)
 *fill*         0x1000070c        0x4 
                0x10000710                __HeapLimit = .

.stack          0x1000fc00      0x400
                0x1000fc00                . = ALIGN (0x8)
                0x1000fc00                __StackLimit = .
                0x10010000                . = (. + __STACK_SIZE)
 *fill*         0x1000fc00      0x400 
                0x10010000                . = ALIGN (0x8)
                0x10010000                __StackTop = .
                0x10010000                PROVIDE (__stack, __StackTop)
                0x00000001                ASSERT ((__StackLimit >= __HeapLimit), region RAM64 overflowed with stack)
OUTPUT(./out/example_can_fd.elf elf32-littlearm)

.ARM.attributes
                0x00000000       0x30
 .ARM.attributes
                0x00000000       0x22 d:/local disk e_1212020131/projects/toolchain_route/compiler/7 2017-q4-major/bin/../lib/gcc/arm-none-eabi/7.2.1/thumb/v7e-m/fpv4-sp/hard/crti.o
 .ARM.attributes
                0x00000022       0x34 d:/local disk e_1212020131/projects/toolchain_route/compiler/7 2017-q4-major/bin/../lib/gcc/arm-none-eabi/7.2.1/thumb/v7e-m/fpv4-sp/hard/crtbegin.o
 .ARM.attributes
                0x00000056       0x20 d:/local disk e_1212020131/projects/toolchain_route/compiler/7 2017-q4-major/bin/../lib/gcc/arm-none-eabi/7.2.1/../../../../arm-none-eabi/lib/thumb/v7e-m/fpv4-sp/hard/crt0.o
 .ARM.attributes
                0x00000076       0x39 ./obj/startup_ARMCM4.o
 .ARM.attributes
                0x000000af       0x39 ./obj/system_LPC407x_8x_177x_8x.o
 .ARM.attributes
                0x000000e8       0x39 ./obj/main.o
 .ARM.attributes
                0x00000121       0x39 ./obj/can_user.o
 .ARM.attributes
                0x0000015a       0x39 ./obj/route_map.o
 .ARM.attributes
                0x00000193       0x39 ./obj/utils.o
 .ARM.attributes
                0x000001cc       0x39 ./obj/srr520_yg11_v05_in.o
 .ARM.attributes
                0x00000205       0x39 ./obj/srr520_yg11_v05_out.o
 .ARM.attributes
                0x0000023e       0x39 ./lib/libPCAN-Router_FD_02.a(hardware.o)
 .ARM.attributes
                0x00000277       0x39 ./lib/libPCAN-Router_FD_02.a(can.o)
 .ARM.attributes
                0x000002b0       0x39 ./lib/libPCAN-Router_FD_02.a(peak_flash.o)
 .ARM.attributes
                0x000002e9       0x39 ./lib/libPCAN-Router_FD_02.a(systime.o)
 .ARM.attributes
                0x00000322       0x34 d:/local disk e_1212020131/projects/toolchain_route/compiler/7 2017-q4-major/bin/../lib/gcc/arm-none-eabi/7.2.1/../../../../arm-none-eabi/lib/thumb/v7e-m/fpv4-sp/hard\libc.a(lib_a-exit.o)
 .ARM.attributes
                0x00000356       0x34 d:/local disk e_1212020131/projects/toolchain_route/compiler/7 2017-q4-major/bin/../lib/gcc/arm-none-eabi/7.2.1/../../../../arm-none-eabi/lib/thumb/v7e-m/fpv4-sp/hard\libc.a(lib_a-impure.o)
 .ARM.attributes
                0x0000038a       0x34 d:/local disk e_1212020131/projects/toolchain_route/compiler/7 2017-q4-major/bin/../lib/gcc/arm-none-eabi/7.2.1/../../../../arm-none-eabi/lib/thumb/v7e-m/fpv4-sp/hard\libc.a(lib_a-init.o)
 .ARM.attributes
                0x000003be       0x34 d:/local disk e_1212020131/projects/toolchain_route/compiler/7 2017-q4-major/bin/../lib/gcc/arm-none-eabi/7.2.1/../../../../arm-none-eabi/lib/thumb/v7e-m/fpv4-sp/hard\libc.a(lib_a-memset.o)
 .ARM.attributes
                0x000003f2       0x20 d:/local disk e_1212020131/projects/toolchain_route/compiler/7 2017-q4-major/bin/../lib/gcc/arm-none-eabi/7.2.1/../../../../arm-none-eabi/lib/thumb/v7e-m/fpv4-sp/hard\libc.a(lib_a-strlen.o)
 .ARM.attributes
                0x00000412       0x34 d:/local disk e_1212020131/projects/toolchain_route/compiler/7 2017-q4-major/bin/../lib/gcc/arm-none-eabi/7.2.1/../../../../arm-none-eabi/lib/thumb/v7e-m/fpv4-sp/hard\libc.a(lib_a-strncat.o)
 .ARM.attributes
                0x00000446       0x34 d:/local disk e_1212020131/projects/toolchain_route/compiler/7 2017-q4-major/bin/../lib/gcc/arm-none-eabi/7.2.1/../../../../arm-none-eabi/lib/thumb/v7e-m/fpv4-sp/hard\libc.a(lib_a-strnlen.o)
 .ARM.attributes
                0x0000047a       0x34 d:/local disk e_1212020131/projects/toolchain_route/compiler/7 2017-q4-major/bin/../lib/gcc/arm-none-eabi/7.2.1/../../../../arm-none-eabi/lib/thumb/v7e-m/fpv4-sp/hard\libc.a(lib_a-__call_atexit.o)
 .ARM.attributes
                0x000004ae       0x34 d:/local disk e_1212020131/projects/toolchain_route/compiler/7 2017-q4-major/bin/../lib/gcc/arm-none-eabi/7.2.1/../../../../arm-none-eabi/lib/thumb/v7e-m/fpv4-sp/hard\libc.a(lib_a-atexit.o)
 .ARM.attributes
                0x000004e2       0x34 d:/local disk e_1212020131/projects/toolchain_route/compiler/7 2017-q4-major/bin/../lib/gcc/arm-none-eabi/7.2.1/../../../../arm-none-eabi/lib/thumb/v7e-m/fpv4-sp/hard\libc.a(lib_a-fini.o)
 .ARM.attributes
                0x00000516       0x34 d:/local disk e_1212020131/projects/toolchain_route/compiler/7 2017-q4-major/bin/../lib/gcc/arm-none-eabi/7.2.1/../../../../arm-none-eabi/lib/thumb/v7e-m/fpv4-sp/hard\libc.a(lib_a-lock.o)
 .ARM.attributes
                0x0000054a       0x34 d:/local disk e_1212020131/projects/toolchain_route/compiler/7 2017-q4-major/bin/../lib/gcc/arm-none-eabi/7.2.1/../../../../arm-none-eabi/lib/thumb/v7e-m/fpv4-sp/hard\libc.a(lib_a-__atexit.o)
 .ARM.attributes
                0x0000057e       0x34 d:/local disk e_1212020131/projects/toolchain_route/compiler/7 2017-q4-major/bin/../lib/gcc/arm-none-eabi/7.2.1/../../../../arm-none-eabi/lib/thumb/v7e-m/fpv4-sp/hard\libnosys.a(_exit.o)
 .ARM.attributes
                0x000005b2       0x34 d:/local disk e_1212020131/projects/toolchain_route/compiler/7 2017-q4-major/bin/../lib/gcc/arm-none-eabi/7.2.1/thumb/v7e-m/fpv4-sp/hard/crtend.o
 .ARM.attributes
                0x000005e6       0x22 d:/local disk e_1212020131/projects/toolchain_route/compiler/7 2017-q4-major/bin/../lib/gcc/arm-none-eabi/7.2.1/thumb/v7e-m/fpv4-sp/hard/crtn.o

.comment        0x00000000       0x7e
 .comment       0x00000000       0x7e ./obj/startup_ARMCM4.o
                                 0x7f (size before relaxing)
 .comment       0x0000007e       0x7f ./obj/system_LPC407x_8x_177x_8x.o
 .comment       0x0000007e       0x7f ./obj/main.o
 .comment       0x0000007e       0x7f ./obj/can_user.o
 .comment       0x0000007e       0x7f ./obj/route_map.o
 .comment       0x0000007e       0x7f ./obj/utils.o
 .comment       0x0000007e       0x7f ./obj/srr520_yg11_v05_in.o
 .comment       0x0000007e       0x7f ./obj/srr520_yg11_v05_out.o
 .comment       0x0000007e       0x7f ./lib/libPCAN-Router_FD_02.a(hardware.o)
 .comment       0x0000007e       0x7f ./lib/libPCAN-Router_FD_02.a(can.o)
 .comment       0x0000007e       0x7f ./lib/libPCAN-Router_FD_02.a(peak_flash.o)
 .comment       0x0000007e       0x7f ./lib/libPCAN-Router_FD_02.a(systime.o)

.debug_info     0x00000000     0x6030
 .debug_info    0x00000000      0x356 ./obj/startup_ARMCM4.o
 .debug_info    0x00000356      0x856 ./obj/system_LPC407x_8x_177x_8x.o
 .debug_info    0x00000bac      0xcaf ./obj/main.o
 .debug_info    0x0000185b     0x106d ./obj/can_user.o
 .debug_info    0x000028c8     0x14e9 ./obj/route_map.o
 .debug_info    0x00003db1      0x966 ./obj/utils.o
 .debug_info    0x00004717      0xbef ./obj/srr520_yg11_v05_in.o
 .debug_info    0x00005306      0xd2a ./obj/srr520_yg11_v05_out.o

.debug_abbrev   0x00000000     0x1067
 .debug_abbrev  0x00000000      0x1c7 ./obj/startup_ARMCM4.o
 .debug_abbrev  0x000001c7      0x1da ./obj/system_LPC407x_8x_177x_8x.o
 .debug_abbrev  0x000003a1      0x240 ./obj/main.o
 .debug_abbrev  0x000005e1      0x2ee ./obj/can_user.o
 .debug_abbrev  0x000008cf      0x308 ./obj/route_map.o
 .debug_abbrev  0x00000bd7      0x15c ./obj/utils.o
 .debug_abbrev  0x00000d33      0x19a ./obj/srr520_yg11_v05_in.o
 .debug_abbrev  0x00000ecd      0x19a ./obj/srr520_yg11_v05_out.o

.debug_loc      0x00000000      0xb55
 .debug_loc     0x00000000       0x9e ./obj/startup_ARMCM4.o
 .debug_loc     0x0000009e      0x232 ./obj/system_LPC407x_8x_177x_8x.o
 .debug_loc     0x000002d0       0x2d ./obj/main.o
 .debug_loc     0x000002fd      0x118 ./obj/can_user.o
 .debug_loc     0x00000415      0x492 ./obj/route_map.o
 .debug_loc     0x000008a7       0x66 ./obj/srr520_yg11_v05_in.o
 .debug_loc     0x0000090d      0x248 ./obj/srr520_yg11_v05_out.o

.debug_aranges  0x00000000       0xf8
 .debug_aranges
                0x00000000       0x20 ./obj/startup_ARMCM4.o
 .debug_aranges
                0x00000020       0x20 ./obj/system_LPC407x_8x_177x_8x.o
 .debug_aranges
                0x00000040       0x20 ./obj/main.o
 .debug_aranges
                0x00000060       0x20 ./obj/can_user.o
 .debug_aranges
                0x00000080       0x20 ./obj/route_map.o
 .debug_aranges
                0x000000a0       0x18 ./obj/utils.o
 .debug_aranges
                0x000000b8       0x20 ./obj/srr520_yg11_v05_in.o
 .debug_aranges
                0x000000d8       0x20 ./obj/srr520_yg11_v05_out.o

.debug_line     0x00000000     0x1300
 .debug_line    0x00000000      0x190 ./obj/startup_ARMCM4.o
 .debug_line    0x00000190      0x2dd ./obj/system_LPC407x_8x_177x_8x.o
 .debug_line    0x0000046d      0x29f ./obj/main.o
 .debug_line    0x0000070c      0x28a ./obj/can_user.o
 .debug_line    0x00000996      0x382 ./obj/route_map.o
 .debug_line    0x00000d18      0x122 ./obj/utils.o
 .debug_line    0x00000e3a      0x23c ./obj/srr520_yg11_v05_in.o
 .debug_line    0x00001076      0x28a ./obj/srr520_yg11_v05_out.o

.debug_str      0x00000000     0x12c4
 .debug_str     0x00000000      0x281 ./obj/startup_ARMCM4.o
                                0x2cd (size before relaxing)
 .debug_str     0x00000281      0x2a2 ./obj/system_LPC407x_8x_177x_8x.o
                                0x499 (size before relaxing)
 .debug_str     0x00000523      0x4c5 ./obj/main.o
                                0x68f (size before relaxing)
 .debug_str     0x000009e8      0x1a6 ./obj/can_user.o
                                0x7b1 (size before relaxing)
 .debug_str     0x00000b8e      0x6de ./obj/route_map.o
                                0xd17 (size before relaxing)
 .debug_str     0x0000126c        0xe ./obj/utils.o
                                0x561 (size before relaxing)
 .debug_str     0x0000127a       0x2e ./obj/srr520_yg11_v05_in.o
                                0x995 (size before relaxing)
 .debug_str     0x000012a8       0x1c ./obj/srr520_yg11_v05_out.o
                                0xacf (size before relaxing)

.debug_frame    0x00000000      0x590
 .debug_frame   0x00000000       0x3c ./obj/startup_ARMCM4.o
 .debug_frame   0x0000003c       0xb0 ./obj/system_LPC407x_8x_177x_8x.o
 .debug_frame   0x000000ec       0x2c ./obj/main.o
 .debug_frame   0x00000118       0x60 ./obj/can_user.o
 .debug_frame   0x00000178       0xb8 ./obj/route_map.o
 .debug_frame   0x00000230       0x20 ./obj/srr520_yg11_v05_in.o
 .debug_frame   0x00000250       0x9c ./obj/srr520_yg11_v05_out.o
 .debug_frame   0x000002ec       0x28 d:/local disk e_1212020131/projects/toolchain_route/compiler/7 2017-q4-major/bin/../lib/gcc/arm-none-eabi/7.2.1/../../../../arm-none-eabi/lib/thumb/v7e-m/fpv4-sp/hard\libc.a(lib_a-exit.o)
 .debug_frame   0x00000314       0x2c d:/local disk e_1212020131/projects/toolchain_route/compiler/7 2017-q4-major/bin/../lib/gcc/arm-none-eabi/7.2.1/../../../../arm-none-eabi/lib/thumb/v7e-m/fpv4-sp/hard\libc.a(lib_a-init.o)
 .debug_frame   0x00000340       0x38 d:/local disk e_1212020131/projects/toolchain_route/compiler/7 2017-q4-major/bin/../lib/gcc/arm-none-eabi/7.2.1/../../../../arm-none-eabi/lib/thumb/v7e-m/fpv4-sp/hard\libc.a(lib_a-memset.o)
 .debug_frame   0x00000378       0x34 d:/local disk e_1212020131/projects/toolchain_route/compiler/7 2017-q4-major/bin/../lib/gcc/arm-none-eabi/7.2.1/../../../../arm-none-eabi/lib/thumb/v7e-m/fpv4-sp/hard\libc.a(lib_a-strncat.o)
 .debug_frame   0x000003ac       0x30 d:/local disk e_1212020131/projects/toolchain_route/compiler/7 2017-q4-major/bin/../lib/gcc/arm-none-eabi/7.2.1/../../../../arm-none-eabi/lib/thumb/v7e-m/fpv4-sp/hard\libc.a(lib_a-strnlen.o)
 .debug_frame   0x000003dc       0x5c d:/local disk e_1212020131/projects/toolchain_route/compiler/7 2017-q4-major/bin/../lib/gcc/arm-none-eabi/7.2.1/../../../../arm-none-eabi/lib/thumb/v7e-m/fpv4-sp/hard\libc.a(lib_a-__call_atexit.o)
 .debug_frame   0x00000438       0x20 d:/local disk e_1212020131/projects/toolchain_route/compiler/7 2017-q4-major/bin/../lib/gcc/arm-none-eabi/7.2.1/../../../../arm-none-eabi/lib/thumb/v7e-m/fpv4-sp/hard\libc.a(lib_a-atexit.o)
 .debug_frame   0x00000458       0x34 d:/local disk e_1212020131/projects/toolchain_route/compiler/7 2017-q4-major/bin/../lib/gcc/arm-none-eabi/7.2.1/../../../../arm-none-eabi/lib/thumb/v7e-m/fpv4-sp/hard\libc.a(lib_a-fini.o)
 .debug_frame   0x0000048c       0xb0 d:/local disk e_1212020131/projects/toolchain_route/compiler/7 2017-q4-major/bin/../lib/gcc/arm-none-eabi/7.2.1/../../../../arm-none-eabi/lib/thumb/v7e-m/fpv4-sp/hard\libc.a(lib_a-lock.o)
 .debug_frame   0x0000053c       0x34 d:/local disk e_1212020131/projects/toolchain_route/compiler/7 2017-q4-major/bin/../lib/gcc/arm-none-eabi/7.2.1/../../../../arm-none-eabi/lib/thumb/v7e-m/fpv4-sp/hard\libc.a(lib_a-__atexit.o)
 .debug_frame   0x00000570       0x20 d:/local disk e_1212020131/projects/toolchain_route/compiler/7 2017-q4-major/bin/../lib/gcc/arm-none-eabi/7.2.1/../../../../arm-none-eabi/lib/thumb/v7e-m/fpv4-sp/hard\libnosys.a(_exit.o)

.debug_ranges   0x00000000       0xd8
 .debug_ranges  0x00000000       0x48 ./obj/system_LPC407x_8x_177x_8x.o
 .debug_ranges  0x00000048       0x10 ./obj/main.o
 .debug_ranges  0x00000058       0x80 ./obj/route_map.o

Cross Reference Table

Symbol                                            File
ADC_IRQHandler                                    ./obj/startup_ARMCM4.o
BOD_IRQHandler                                    ./obj/startup_ARMCM4.o
BusFault_Handler                                  ./obj/startup_ARMCM4.o
CANActivity_IRQHandler                            ./obj/startup_ARMCM4.o
CAN_FilterAdd                                     ./lib/libPCAN-Router_FD_02.a(can.o)
                                                  ./obj/can_user.o
CAN_FilterRem                                     ./lib/libPCAN-Router_FD_02.a(can.o)
CAN_FilterReset                                   ./lib/libPCAN-Router_FD_02.a(can.o)
CAN_IRQHandler                                    ./obj/startup_ARMCM4.o
CAN_Initialize                                    ./lib/libPCAN-Router_FD_02.a(can.o)
                                                  ./obj/can_user.o
CAN_Read                                          ./lib/libPCAN-Router_FD_02.a(can.o)
                                                  ./obj/can_user.o
CAN_UnInitialize                                  ./lib/libPCAN-Router_FD_02.a(can.o)
                                                  ./obj/can_user.o
CAN_UserInit                                      ./obj/can_user.o
                                                  ./obj/main.o
CAN_UserInvokeBootloader                          ./obj/can_user.o
CAN_UserRead                                      ./obj/can_user.o
                                                  ./obj/main.o
CAN_Write                                         ./lib/libPCAN-Router_FD_02.a(can.o)
                                                  ./obj/route_map.o
                                                  ./obj/main.o
DMA_IRQHandler                                    ./obj/startup_ARMCM4.o
DebugMon_Handler                                  ./obj/startup_ARMCM4.o
Default_Handler                                   ./obj/startup_ARMCM4.o
EEPROM_IRQHandler                                 ./obj/startup_ARMCM4.o
EINT0_IRQHandler                                  ./obj/startup_ARMCM4.o
EINT1_IRQHandler                                  ./obj/startup_ARMCM4.o
EINT2_IRQHandler                                  ./obj/startup_ARMCM4.o
EINT3_IRQHandler                                  ./obj/startup_ARMCM4.o
EMCClock                                          ./obj/system_LPC407x_8x_177x_8x.o
ENET_IRQHandler                                   ./obj/startup_ARMCM4.o
GPIO_IRQHandler                                   ./obj/startup_ARMCM4.o
HW_GetDIN                                         ./lib/libPCAN-Router_FD_02.a(hardware.o)
HW_GetHwVersion                                   ./lib/libPCAN-Router_FD_02.a(hardware.o)
                                                  ./lib/libPCAN-Router_FD_02.a(peak_flash.o)
HW_GetModuleID                                    ./lib/libPCAN-Router_FD_02.a(hardware.o)
HW_Init                                           ./lib/libPCAN-Router_FD_02.a(hardware.o)
                                                  ./obj/main.o
HW_JumpToBootloader                               ./lib/libPCAN-Router_FD_02.a(hardware.o)
                                                  ./obj/can_user.o
HW_SetDOUT                                        ./lib/libPCAN-Router_FD_02.a(hardware.o)
HW_SetLED                                         ./lib/libPCAN-Router_FD_02.a(hardware.o)
                                                  ./obj/main.o
HW_UserInit                                       ./lib/libPCAN-Router_FD_02.a(hardware.o)
HardFault_Handler                                 ./obj/startup_ARMCM4.o
I2C0_IRQHandler                                   ./obj/startup_ARMCM4.o
I2C1_IRQHandler                                   ./obj/startup_ARMCM4.o
I2C2_IRQHandler                                   ./obj/startup_ARMCM4.o
I2S_IRQHandler                                    ./obj/startup_ARMCM4.o
Ident                                             ./obj/main.o
IndexToOutputMsg                                  ./obj/route_map.o
IntDefaultHandler                                 ./obj/startup_ARMCM4.o
LCD_IRQHandler                                    ./obj/startup_ARMCM4.o
MCI_IRQHandler                                    ./obj/startup_ARMCM4.o
MCPWM_IRQHandler                                  ./obj/startup_ARMCM4.o
MemManage_Handler                                 ./obj/startup_ARMCM4.o
NMI_Handler                                       ./obj/startup_ARMCM4.o
PFLASH_MsgInput                                   ./lib/libPCAN-Router_FD_02.a(peak_flash.o)
PFLASH_Process                                    ./lib/libPCAN-Router_FD_02.a(peak_flash.o)
PFLASH_Startup                                    ./lib/libPCAN-Router_FD_02.a(peak_flash.o)
                                                  ./lib/libPCAN-Router_FD_02.a(hardware.o)
PFLASH_UserInvokeBootloader                       ./lib/libPCAN-Router_FD_02.a(peak_flash.o)
PFLASH_UserWrite                                  ./lib/libPCAN-Router_FD_02.a(peak_flash.o)
PLL0_IRQHandler                                   ./obj/startup_ARMCM4.o
PLL1_IRQHandler                                   ./obj/startup_ARMCM4.o
PWM0_IRQHandler                                   ./obj/startup_ARMCM4.o
PWM1_IRQHandler                                   ./obj/startup_ARMCM4.o
PendSV_Handler                                    ./obj/startup_ARMCM4.o
PeripheralClock                                   ./obj/system_LPC407x_8x_177x_8x.o
QEI_IRQHandler                                    ./obj/startup_ARMCM4.o
RTC_IRQHandler                                    ./obj/startup_ARMCM4.o
Reset_Handler                                     ./obj/startup_ARMCM4.o
SSP0_IRQHandler                                   ./obj/startup_ARMCM4.o
SSP1_IRQHandler                                   ./obj/startup_ARMCM4.o
SSP2_IRQHandler                                   ./obj/startup_ARMCM4.o
SVC_Handler                                       ./obj/startup_ARMCM4.o
SYSTIME_Wait                                      ./lib/libPCAN-Router_FD_02.a(systime.o)
                                                  ./lib/libPCAN-Router_FD_02.a(can.o)
                                                  ./lib/libPCAN-Router_FD_02.a(hardware.o)
SysTick_Handler                                   ./obj/startup_ARMCM4.o
SystemCoreClock                                   ./obj/system_LPC407x_8x_177x_8x.o
SystemCoreClockUpdate                             ./obj/system_LPC407x_8x_177x_8x.o
SystemInit                                        ./obj/system_LPC407x_8x_177x_8x.o
                                                  ./obj/startup_ARMCM4.o
TIMER0_IRQHandler                                 ./obj/startup_ARMCM4.o
TIMER1_IRQHandler                                 ./obj/startup_ARMCM4.o
TIMER2_IRQHandler                                 ./obj/startup_ARMCM4.o
TIMER3_IRQHandler                                 ./obj/startup_ARMCM4.o
UART0_IRQHandler                                  ./obj/startup_ARMCM4.o
UART1_IRQHandler                                  ./obj/startup_ARMCM4.o
UART2_IRQHandler                                  ./obj/startup_ARMCM4.o
UART3_IRQHandler                                  ./obj/startup_ARMCM4.o
UART4_IRQHandler                                  ./obj/startup_ARMCM4.o
USBActivity_IRQHandler                            ./obj/startup_ARMCM4.o
USBClock                                          ./obj/system_LPC407x_8x_177x_8x.o
USB_IRQHandler                                    ./obj/startup_ARMCM4.o
UsageFault_Handler                                ./obj/startup_ARMCM4.o
WDT_IRQHandler                                    ./obj/startup_ARMCM4.o
__StackTop                                        ./obj/startup_ARMCM4.o
__Vectors                                         ./obj/startup_ARMCM4.o
                                                  ./obj/system_LPC407x_8x_177x_8x.o
__atexit_recursive_mutex                          d:/local disk e_1212020131/projects/toolchain_route/compiler/7 2017-q4-major/bin/../lib/gcc/arm-none-eabi/7.2.1/../../../../arm-none-eabi/lib/thumb/v7e-m/fpv4-sp/hard\libc.a(lib_a-__call_atexit.o)
                                                  d:/local disk e_1212020131/projects/toolchain_route/compiler/7 2017-q4-major/bin/../lib/gcc/arm-none-eabi/7.2.1/../../../../arm-none-eabi/lib/thumb/v7e-m/fpv4-sp/hard\libc.a(lib_a-__atexit.o)
__bss_end__                                       d:/local disk e_1212020131/projects/toolchain_route/compiler/7 2017-q4-major/bin/../lib/gcc/arm-none-eabi/7.2.1/../../../../arm-none-eabi/lib/thumb/v7e-m/fpv4-sp/hard/crt0.o
__bss_start__                                     d:/local disk e_1212020131/projects/toolchain_route/compiler/7 2017-q4-major/bin/../lib/gcc/arm-none-eabi/7.2.1/../../../../arm-none-eabi/lib/thumb/v7e-m/fpv4-sp/hard/crt0.o
__call_exitprocs                                  d:/local disk e_1212020131/projects/toolchain_route/compiler/7 2017-q4-major/bin/../lib/gcc/arm-none-eabi/7.2.1/../../../../arm-none-eabi/lib/thumb/v7e-m/fpv4-sp/hard\libc.a(lib_a-__call_atexit.o)
                                                  d:/local disk e_1212020131/projects/toolchain_route/compiler/7 2017-q4-major/bin/../lib/gcc/arm-none-eabi/7.2.1/../../../../arm-none-eabi/lib/thumb/v7e-m/fpv4-sp/hard\libc.a(lib_a-exit.o)
__code_checksum                                   ./obj/startup_ARMCM4.o
__copy_table_end__                                ./obj/startup_ARMCM4.o
__copy_table_start__                              ./obj/startup_ARMCM4.o
__deregister_frame_info                           d:/local disk e_1212020131/projects/toolchain_route/compiler/7 2017-q4-major/bin/../lib/gcc/arm-none-eabi/7.2.1/thumb/v7e-m/fpv4-sp/hard/crtbegin.o
__dso_handle                                      d:/local disk e_1212020131/projects/toolchain_route/compiler/7 2017-q4-major/bin/../lib/gcc/arm-none-eabi/7.2.1/thumb/v7e-m/fpv4-sp/hard/crtbegin.o
__fini_array_end                                  d:/local disk e_1212020131/projects/toolchain_route/compiler/7 2017-q4-major/bin/../lib/gcc/arm-none-eabi/7.2.1/../../../../arm-none-eabi/lib/thumb/v7e-m/fpv4-sp/hard\libc.a(lib_a-fini.o)
__fini_array_start                                d:/local disk e_1212020131/projects/toolchain_route/compiler/7 2017-q4-major/bin/../lib/gcc/arm-none-eabi/7.2.1/../../../../arm-none-eabi/lib/thumb/v7e-m/fpv4-sp/hard\libc.a(lib_a-fini.o)
__init_array_end                                  d:/local disk e_1212020131/projects/toolchain_route/compiler/7 2017-q4-major/bin/../lib/gcc/arm-none-eabi/7.2.1/../../../../arm-none-eabi/lib/thumb/v7e-m/fpv4-sp/hard\libc.a(lib_a-init.o)
__init_array_start                                d:/local disk e_1212020131/projects/toolchain_route/compiler/7 2017-q4-major/bin/../lib/gcc/arm-none-eabi/7.2.1/../../../../arm-none-eabi/lib/thumb/v7e-m/fpv4-sp/hard\libc.a(lib_a-init.o)
__libc_fini                                       d:/local disk e_1212020131/projects/toolchain_route/compiler/7 2017-q4-major/bin/../lib/gcc/arm-none-eabi/7.2.1/../../../../arm-none-eabi/lib/thumb/v7e-m/fpv4-sp/hard\libc.a(lib_a-__call_atexit.o)
__libc_fini_array                                 d:/local disk e_1212020131/projects/toolchain_route/compiler/7 2017-q4-major/bin/../lib/gcc/arm-none-eabi/7.2.1/../../../../arm-none-eabi/lib/thumb/v7e-m/fpv4-sp/hard\libc.a(lib_a-fini.o)
                                                  d:/local disk e_1212020131/projects/toolchain_route/compiler/7 2017-q4-major/bin/../lib/gcc/arm-none-eabi/7.2.1/../../../../arm-none-eabi/lib/thumb/v7e-m/fpv4-sp/hard\libc.a(lib_a-__call_atexit.o)
                                                  d:/local disk e_1212020131/projects/toolchain_route/compiler/7 2017-q4-major/bin/../lib/gcc/arm-none-eabi/7.2.1/../../../../arm-none-eabi/lib/thumb/v7e-m/fpv4-sp/hard/crt0.o
__libc_init_array                                 d:/local disk e_1212020131/projects/toolchain_route/compiler/7 2017-q4-major/bin/../lib/gcc/arm-none-eabi/7.2.1/../../../../arm-none-eabi/lib/thumb/v7e-m/fpv4-sp/hard\libc.a(lib_a-init.o)
                                                  d:/local disk e_1212020131/projects/toolchain_route/compiler/7 2017-q4-major/bin/../lib/gcc/arm-none-eabi/7.2.1/../../../../arm-none-eabi/lib/thumb/v7e-m/fpv4-sp/hard/crt0.o
__lock___arc4random_mutex                         d:/local disk e_1212020131/projects/toolchain_route/compiler/7 2017-q4-major/bin/../lib/gcc/arm-none-eabi/7.2.1/../../../../arm-none-eabi/lib/thumb/v7e-m/fpv4-sp/hard\libc.a(lib_a-lock.o)
__lock___at_quick_exit_mutex                      d:/local disk e_1212020131/projects/toolchain_route/compiler/7 2017-q4-major/bin/../lib/gcc/arm-none-eabi/7.2.1/../../../../arm-none-eabi/lib/thumb/v7e-m/fpv4-sp/hard\libc.a(lib_a-lock.o)
__lock___atexit_recursive_mutex                   d:/local disk e_1212020131/projects/toolchain_route/compiler/7 2017-q4-major/bin/../lib/gcc/arm-none-eabi/7.2.1/../../../../arm-none-eabi/lib/thumb/v7e-m/fpv4-sp/hard\libc.a(lib_a-lock.o)
                                                  d:/local disk e_1212020131/projects/toolchain_route/compiler/7 2017-q4-major/bin/../lib/gcc/arm-none-eabi/7.2.1/../../../../arm-none-eabi/lib/thumb/v7e-m/fpv4-sp/hard\libc.a(lib_a-__call_atexit.o)
__lock___dd_hash_mutex                            d:/local disk e_1212020131/projects/toolchain_route/compiler/7 2017-q4-major/bin/../lib/gcc/arm-none-eabi/7.2.1/../../../../arm-none-eabi/lib/thumb/v7e-m/fpv4-sp/hard\libc.a(lib_a-lock.o)
__lock___env_recursive_mutex                      d:/local disk e_1212020131/projects/toolchain_route/compiler/7 2017-q4-major/bin/../lib/gcc/arm-none-eabi/7.2.1/../../../../arm-none-eabi/lib/thumb/v7e-m/fpv4-sp/hard\libc.a(lib_a-lock.o)
__lock___malloc_recursive_mutex                   d:/local disk e_1212020131/projects/toolchain_route/compiler/7 2017-q4-major/bin/../lib/gcc/arm-none-eabi/7.2.1/../../../../arm-none-eabi/lib/thumb/v7e-m/fpv4-sp/hard\libc.a(lib_a-lock.o)
__lock___sfp_recursive_mutex                      d:/local disk e_1212020131/projects/toolchain_route/compiler/7 2017-q4-major/bin/../lib/gcc/arm-none-eabi/7.2.1/../../../../arm-none-eabi/lib/thumb/v7e-m/fpv4-sp/hard\libc.a(lib_a-lock.o)
__lock___sinit_recursive_mutex                    d:/local disk e_1212020131/projects/toolchain_route/compiler/7 2017-q4-major/bin/../lib/gcc/arm-none-eabi/7.2.1/../../../../arm-none-eabi/lib/thumb/v7e-m/fpv4-sp/hard\libc.a(lib_a-lock.o)
__lock___tz_mutex                                 d:/local disk e_1212020131/projects/toolchain_route/compiler/7 2017-q4-major/bin/../lib/gcc/arm-none-eabi/7.2.1/../../../../arm-none-eabi/lib/thumb/v7e-m/fpv4-sp/hard\libc.a(lib_a-lock.o)
__preinit_array_end                               d:/local disk e_1212020131/projects/toolchain_route/compiler/7 2017-q4-major/bin/../lib/gcc/arm-none-eabi/7.2.1/../../../../arm-none-eabi/lib/thumb/v7e-m/fpv4-sp/hard\libc.a(lib_a-init.o)
__preinit_array_start                             d:/local disk e_1212020131/projects/toolchain_route/compiler/7 2017-q4-major/bin/../lib/gcc/arm-none-eabi/7.2.1/../../../../arm-none-eabi/lib/thumb/v7e-m/fpv4-sp/hard\libc.a(lib_a-init.o)
__register_exitproc                               d:/local disk e_1212020131/projects/toolchain_route/compiler/7 2017-q4-major/bin/../lib/gcc/arm-none-eabi/7.2.1/../../../../arm-none-eabi/lib/thumb/v7e-m/fpv4-sp/hard\libc.a(lib_a-__atexit.o)
                                                  d:/local disk e_1212020131/projects/toolchain_route/compiler/7 2017-q4-major/bin/../lib/gcc/arm-none-eabi/7.2.1/../../../../arm-none-eabi/lib/thumb/v7e-m/fpv4-sp/hard\libc.a(lib_a-atexit.o)
__register_frame_info                             d:/local disk e_1212020131/projects/toolchain_route/compiler/7 2017-q4-major/bin/../lib/gcc/arm-none-eabi/7.2.1/thumb/v7e-m/fpv4-sp/hard/crtbegin.o
__retarget_lock_acquire                           d:/local disk e_1212020131/projects/toolchain_route/compiler/7 2017-q4-major/bin/../lib/gcc/arm-none-eabi/7.2.1/../../../../arm-none-eabi/lib/thumb/v7e-m/fpv4-sp/hard\libc.a(lib_a-lock.o)
__retarget_lock_acquire_recursive                 d:/local disk e_1212020131/projects/toolchain_route/compiler/7 2017-q4-major/bin/../lib/gcc/arm-none-eabi/7.2.1/../../../../arm-none-eabi/lib/thumb/v7e-m/fpv4-sp/hard\libc.a(lib_a-lock.o)
                                                  d:/local disk e_1212020131/projects/toolchain_route/compiler/7 2017-q4-major/bin/../lib/gcc/arm-none-eabi/7.2.1/../../../../arm-none-eabi/lib/thumb/v7e-m/fpv4-sp/hard\libc.a(lib_a-__atexit.o)
                                                  d:/local disk e_1212020131/projects/toolchain_route/compiler/7 2017-q4-major/bin/../lib/gcc/arm-none-eabi/7.2.1/../../../../arm-none-eabi/lib/thumb/v7e-m/fpv4-sp/hard\libc.a(lib_a-__call_atexit.o)
__retarget_lock_close                             d:/local disk e_1212020131/projects/toolchain_route/compiler/7 2017-q4-major/bin/../lib/gcc/arm-none-eabi/7.2.1/../../../../arm-none-eabi/lib/thumb/v7e-m/fpv4-sp/hard\libc.a(lib_a-lock.o)
__retarget_lock_close_recursive                   d:/local disk e_1212020131/projects/toolchain_route/compiler/7 2017-q4-major/bin/../lib/gcc/arm-none-eabi/7.2.1/../../../../arm-none-eabi/lib/thumb/v7e-m/fpv4-sp/hard\libc.a(lib_a-lock.o)
__retarget_lock_init                              d:/local disk e_1212020131/projects/toolchain_route/compiler/7 2017-q4-major/bin/../lib/gcc/arm-none-eabi/7.2.1/../../../../arm-none-eabi/lib/thumb/v7e-m/fpv4-sp/hard\libc.a(lib_a-lock.o)
__retarget_lock_init_recursive                    d:/local disk e_1212020131/projects/toolchain_route/compiler/7 2017-q4-major/bin/../lib/gcc/arm-none-eabi/7.2.1/../../../../arm-none-eabi/lib/thumb/v7e-m/fpv4-sp/hard\libc.a(lib_a-lock.o)
__retarget_lock_release                           d:/local disk e_1212020131/projects/toolchain_route/compiler/7 2017-q4-major/bin/../lib/gcc/arm-none-eabi/7.2.1/../../../../arm-none-eabi/lib/thumb/v7e-m/fpv4-sp/hard\libc.a(lib_a-lock.o)
__retarget_lock_release_recursive                 d:/local disk e_1212020131/projects/toolchain_route/compiler/7 2017-q4-major/bin/../lib/gcc/arm-none-eabi/7.2.1/../../../../arm-none-eabi/lib/thumb/v7e-m/fpv4-sp/hard\libc.a(lib_a-lock.o)
                                                  d:/local disk e_1212020131/projects/toolchain_route/compiler/7 2017-q4-major/bin/../lib/gcc/arm-none-eabi/7.2.1/../../../../arm-none-eabi/lib/thumb/v7e-m/fpv4-sp/hard\libc.a(lib_a-__atexit.o)
                                                  d:/local disk e_1212020131/projects/toolchain_route/compiler/7 2017-q4-major/bin/../lib/gcc/arm-none-eabi/7.2.1/../../../../arm-none-eabi/lib/thumb/v7e-m/fpv4-sp/hard\libc.a(lib_a-__call_atexit.o)
__retarget_lock_try_acquire                       d:/local disk e_1212020131/projects/toolchain_route/compiler/7 2017-q4-major/bin/../lib/gcc/arm-none-eabi/7.2.1/../../../../arm-none-eabi/lib/thumb/v7e-m/fpv4-sp/hard\libc.a(lib_a-lock.o)
__retarget_lock_try_acquire_recursive             d:/local disk e_1212020131/projects/toolchain_route/compiler/7 2017-q4-major/bin/../lib/gcc/arm-none-eabi/7.2.1/../../../../arm-none-eabi/lib/thumb/v7e-m/fpv4-sp/hard\libc.a(lib_a-lock.o)
__stack                                           d:/local disk e_1212020131/projects/toolchain_route/compiler/7 2017-q4-major/bin/../lib/gcc/arm-none-eabi/7.2.1/../../../../arm-none-eabi/lib/thumb/v7e-m/fpv4-sp/hard/crt0.o
__zero_table_end__                                ./obj/startup_ARMCM4.o
__zero_table_start__                              ./obj/startup_ARMCM4.o
_exit                                             d:/local disk e_1212020131/projects/toolchain_route/compiler/7 2017-q4-major/bin/../lib/gcc/arm-none-eabi/7.2.1/../../../../arm-none-eabi/lib/thumb/v7e-m/fpv4-sp/hard\libnosys.a(_exit.o)
                                                  d:/local disk e_1212020131/projects/toolchain_route/compiler/7 2017-q4-major/bin/../lib/gcc/arm-none-eabi/7.2.1/../../../../arm-none-eabi/lib/thumb/v7e-m/fpv4-sp/hard\libc.a(lib_a-exit.o)
_fini                                             d:/local disk e_1212020131/projects/toolchain_route/compiler/7 2017-q4-major/bin/../lib/gcc/arm-none-eabi/7.2.1/thumb/v7e-m/fpv4-sp/hard/crti.o
                                                  d:/local disk e_1212020131/projects/toolchain_route/compiler/7 2017-q4-major/bin/../lib/gcc/arm-none-eabi/7.2.1/../../../../arm-none-eabi/lib/thumb/v7e-m/fpv4-sp/hard\libc.a(lib_a-fini.o)
_global_impure_ptr                                d:/local disk e_1212020131/projects/toolchain_route/compiler/7 2017-q4-major/bin/../lib/gcc/arm-none-eabi/7.2.1/../../../../arm-none-eabi/lib/thumb/v7e-m/fpv4-sp/hard\libc.a(lib_a-impure.o)
                                                  d:/local disk e_1212020131/projects/toolchain_route/compiler/7 2017-q4-major/bin/../lib/gcc/arm-none-eabi/7.2.1/../../../../arm-none-eabi/lib/thumb/v7e-m/fpv4-sp/hard\libc.a(lib_a-__atexit.o)
                                                  d:/local disk e_1212020131/projects/toolchain_route/compiler/7 2017-q4-major/bin/../lib/gcc/arm-none-eabi/7.2.1/../../../../arm-none-eabi/lib/thumb/v7e-m/fpv4-sp/hard\libc.a(lib_a-__call_atexit.o)
                                                  d:/local disk e_1212020131/projects/toolchain_route/compiler/7 2017-q4-major/bin/../lib/gcc/arm-none-eabi/7.2.1/../../../../arm-none-eabi/lib/thumb/v7e-m/fpv4-sp/hard\libc.a(lib_a-exit.o)
_impure_ptr                                       d:/local disk e_1212020131/projects/toolchain_route/compiler/7 2017-q4-major/bin/../lib/gcc/arm-none-eabi/7.2.1/../../../../arm-none-eabi/lib/thumb/v7e-m/fpv4-sp/hard\libc.a(lib_a-impure.o)
_init                                             d:/local disk e_1212020131/projects/toolchain_route/compiler/7 2017-q4-major/bin/../lib/gcc/arm-none-eabi/7.2.1/thumb/v7e-m/fpv4-sp/hard/crti.o
                                                  d:/local disk e_1212020131/projects/toolchain_route/compiler/7 2017-q4-major/bin/../lib/gcc/arm-none-eabi/7.2.1/../../../../arm-none-eabi/lib/thumb/v7e-m/fpv4-sp/hard\libc.a(lib_a-init.o)
_mainCRTStartup                                   d:/local disk e_1212020131/projects/toolchain_route/compiler/7 2017-q4-major/bin/../lib/gcc/arm-none-eabi/7.2.1/../../../../arm-none-eabi/lib/thumb/v7e-m/fpv4-sp/hard/crt0.o
_start                                            d:/local disk e_1212020131/projects/toolchain_route/compiler/7 2017-q4-major/bin/../lib/gcc/arm-none-eabi/7.2.1/../../../../arm-none-eabi/lib/thumb/v7e-m/fpv4-sp/hard/crt0.o
                                                  ./obj/startup_ARMCM4.o
atexit                                            d:/local disk e_1212020131/projects/toolchain_route/compiler/7 2017-q4-major/bin/../lib/gcc/arm-none-eabi/7.2.1/../../../../arm-none-eabi/lib/thumb/v7e-m/fpv4-sp/hard\libc.a(lib_a-atexit.o)
                                                  d:/local disk e_1212020131/projects/toolchain_route/compiler/7 2017-q4-major/bin/../lib/gcc/arm-none-eabi/7.2.1/../../../../arm-none-eabi/lib/thumb/v7e-m/fpv4-sp/hard\libc.a(lib_a-__call_atexit.o)
                                                  d:/local disk e_1212020131/projects/toolchain_route/compiler/7 2017-q4-major/bin/../lib/gcc/arm-none-eabi/7.2.1/../../../../arm-none-eabi/lib/thumb/v7e-m/fpv4-sp/hard/crt0.o
exit                                              d:/local disk e_1212020131/projects/toolchain_route/compiler/7 2017-q4-major/bin/../lib/gcc/arm-none-eabi/7.2.1/../../../../arm-none-eabi/lib/thumb/v7e-m/fpv4-sp/hard\libc.a(lib_a-exit.o)
                                                  d:/local disk e_1212020131/projects/toolchain_route/compiler/7 2017-q4-major/bin/../lib/gcc/arm-none-eabi/7.2.1/../../../../arm-none-eabi/lib/thumb/v7e-m/fpv4-sp/hard/crt0.o
fpu_init                                          ./obj/system_LPC407x_8x_177x_8x.o
free                                              d:/local disk e_1212020131/projects/toolchain_route/compiler/7 2017-q4-major/bin/../lib/gcc/arm-none-eabi/7.2.1/../../../../arm-none-eabi/lib/thumb/v7e-m/fpv4-sp/hard\libc.a(lib_a-__call_atexit.o)
hardware_init_hook                                d:/local disk e_1212020131/projects/toolchain_route/compiler/7 2017-q4-major/bin/../lib/gcc/arm-none-eabi/7.2.1/../../../../arm-none-eabi/lib/thumb/v7e-m/fpv4-sp/hard/crt0.o
m_data_length_map                                 ./obj/route_map.o
main                                              ./obj/main.o
                                                  d:/local disk e_1212020131/projects/toolchain_route/compiler/7 2017-q4-major/bin/../lib/gcc/arm-none-eabi/7.2.1/../../../../arm-none-eabi/lib/thumb/v7e-m/fpv4-sp/hard/crt0.o
malloc                                            d:/local disk e_1212020131/projects/toolchain_route/compiler/7 2017-q4-major/bin/../lib/gcc/arm-none-eabi/7.2.1/../../../../arm-none-eabi/lib/thumb/v7e-m/fpv4-sp/hard\libc.a(lib_a-__atexit.o)
mapDataFromInToOutOne2One                         ./obj/route_map.o
map_table_one2one_CAN_2_CAN                       ./obj/route_map.o
memset                                            d:/local disk e_1212020131/projects/toolchain_route/compiler/7 2017-q4-major/bin/../lib/gcc/arm-none-eabi/7.2.1/../../../../arm-none-eabi/lib/thumb/v7e-m/fpv4-sp/hard\libc.a(lib_a-memset.o)
                                                  ./lib/libPCAN-Router_FD_02.a(peak_flash.o)
                                                  ./obj/route_map.o
                                                  d:/local disk e_1212020131/projects/toolchain_route/compiler/7 2017-q4-major/bin/../lib/gcc/arm-none-eabi/7.2.1/../../../../arm-none-eabi/lib/thumb/v7e-m/fpv4-sp/hard/crt0.o
set_message                                       ./obj/route_map.o
software_init_hook                                d:/local disk e_1212020131/projects/toolchain_route/compiler/7 2017-q4-major/bin/../lib/gcc/arm-none-eabi/7.2.1/../../../../arm-none-eabi/lib/thumb/v7e-m/fpv4-sp/hard/crt0.o
srr520_yg11_v05_in_srr_obj_suffix_0_suffix_1_unpack ./obj/srr520_yg11_v05_in.o
                                                  ./obj/route_map.o
srr520_yg11_v05_out_srr_obj_suffix_0_suffix_1_0_pack ./obj/srr520_yg11_v05_out.o
                                                  ./obj/route_map.o
srr520_yg11_v05_out_srr_obj_suffix_0_suffix_1_1_pack ./obj/srr520_yg11_v05_out.o
                                                  ./obj/route_map.o
srr520_yg11_v05_out_srr_obj_suffix_0_suffix_1_2_pack ./obj/srr520_yg11_v05_out.o
                                                  ./obj/route_map.o
srr520_yg11_v05_out_srr_obj_suffix_0_suffix_1_3_pack ./obj/srr520_yg11_v05_out.o
                                                  ./obj/route_map.o
srr_can_ids                                       ./obj/route_map.o
srr_canfd2can_route_by_signals                    ./obj/route_map.o
                                                  ./obj/main.o
strlen                                            d:/local disk e_1212020131/projects/toolchain_route/compiler/7 2017-q4-major/bin/../lib/gcc/arm-none-eabi/7.2.1/../../../../arm-none-eabi/lib/thumb/v7e-m/fpv4-sp/hard\libc.a(lib_a-strlen.o)
                                                  ./lib/libPCAN-Router_FD_02.a(peak_flash.o)
strncat                                           d:/local disk e_1212020131/projects/toolchain_route/compiler/7 2017-q4-major/bin/../lib/gcc/arm-none-eabi/7.2.1/../../../../arm-none-eabi/lib/thumb/v7e-m/fpv4-sp/hard\libc.a(lib_a-strncat.o)
                                                  ./lib/libPCAN-Router_FD_02.a(peak_flash.o)
strnlen                                           d:/local disk e_1212020131/projects/toolchain_route/compiler/7 2017-q4-major/bin/../lib/gcc/arm-none-eabi/7.2.1/../../../../arm-none-eabi/lib/thumb/v7e-m/fpv4-sp/hard\libc.a(lib_a-strnlen.o)
                                                  ./lib/libPCAN-Router_FD_02.a(peak_flash.o)
